Component: ARM Compiler 5.06 update 6 (build 750) Tool: armlink [4d35ed]

==============================================================================

Section Cross References

    system_stm32f4xx.o(i.SystemCoreClockUpdate) refers to system_stm32f4xx.o(.data) for SystemCoreClock
    system_stm32f4xx.o(i.SystemInit) refers to system_stm32f4xx.o(i.SetSysClock) for SetSysClock
    startup_stm32f401xx.o(RESET) refers to startup_stm32f401xx.o(STACK) for __initial_sp
    startup_stm32f401xx.o(RESET) refers to startup_stm32f401xx.o(.text) for Reset_Handler
    startup_stm32f401xx.o(RESET) refers to stm32f4xx_it.o(i.NMI_Handler) for NMI_Handler
    startup_stm32f401xx.o(RESET) refers to stm32f4xx_it.o(i.HardFault_Handler) for HardFault_Handler
    startup_stm32f401xx.o(RESET) refers to stm32f4xx_it.o(i.MemManage_Handler) for MemManage_Handler
    startup_stm32f401xx.o(RESET) refers to stm32f4xx_it.o(i.BusFault_Handler) for BusFault_Handler
    startup_stm32f401xx.o(RESET) refers to stm32f4xx_it.o(i.UsageFault_Handler) for UsageFault_Handler
    startup_stm32f401xx.o(RESET) refers to stm32f4xx_it.o(i.SVC_Handler) for SVC_Handler
    startup_stm32f401xx.o(RESET) refers to stm32f4xx_it.o(i.DebugMon_Handler) for DebugMon_Handler
    startup_stm32f401xx.o(RESET) refers to os_cpu_a.o(.text) for OS_CPU_PendSVHandler
    startup_stm32f401xx.o(RESET) refers to os_cpu_c.o(i.OS_CPU_SysTickHandler) for OS_CPU_SysTickHandler
    startup_stm32f401xx.o(RESET) refers to receiver.o(i.TIM1_CC_IRQHandler) for TIM1_CC_IRQHandler
    startup_stm32f401xx.o(RESET) refers to usart.o(i.USART1_IRQHandler) for USART1_IRQHandler
    startup_stm32f401xx.o(.text) refers to system_stm32f4xx.o(i.SystemInit) for SystemInit
    startup_stm32f401xx.o(.text) refers to entry.o(.ARM.Collect$$$$00000000) for __main
    main .o(i.Task_Anto) refers to os_mutex.o(i.OSMutexPend) for OSMutexPend
    main .o(i.Task_Anto) refers to anto.o(i.ANO_Send03) for ANO_Send03
    main .o(i.Task_Anto) refers to os_mutex.o(i.OSMutexPost) for OSMutexPost
    main .o(i.Task_Anto) refers to os_time.o(i.OSTimeDlyHMSM) for OSTimeDlyHMSM
    main .o(i.Task_Anto) refers to main .o(.data) for flag
    main .o(i.Task_GY86) refers to os_mutex.o(i.OSMutexPend) for OSMutexPend
    main .o(i.Task_GY86) refers to gy86.o(i.IMU_Task) for IMU_Task
    main .o(i.Task_GY86) refers to os_mutex.o(i.OSMutexPost) for OSMutexPost
    main .o(i.Task_GY86) refers to os_time.o(i.OSTimeDlyHMSM) for OSTimeDlyHMSM
    main .o(i.Task_GY86) refers to main .o(.data) for IICMutex
    main .o(i.Task_GY86) refers to main .o(.bss) for offset_g
    main .o(i.Task_OLED) refers to os_mutex.o(i.OSMutexPend) for OSMutexPend
    main .o(i.Task_OLED) refers to f2d.o(.text) for __aeabi_f2d
    main .o(i.Task_OLED) refers to ddiv.o(.text) for __aeabi_ddiv
    main .o(i.Task_OLED) refers to dfixui.o(.text) for __aeabi_d2uiz
    main .o(i.Task_OLED) refers to oled.o(i.OLED_ShowNum) for OLED_ShowNum
    main .o(i.Task_OLED) refers to os_mutex.o(i.OSMutexPost) for OSMutexPost
    main .o(i.Task_OLED) refers to os_time.o(i.OSTimeDlyHMSM) for OSTimeDlyHMSM
    main .o(i.Task_OLED) refers to main .o(.data) for IICMutex
    main .o(i.Task_OLED) refers to main .o(.bss) for PPM_data
    main .o(i.Task_PID) refers to pid.o(i.Expect_Angle_Calc) for Expect_Angle_Calc
    main .o(i.Task_PID) refers to os_mutex.o(i.OSMutexPend) for OSMutexPend
    main .o(i.Task_PID) refers to memcpya.o(.text) for __aeabi_memcpy4
    main .o(i.Task_PID) refers to pid.o(i.Motor_Calc) for Motor_Calc
    main .o(i.Task_PID) refers to os_mutex.o(i.OSMutexPost) for OSMutexPost
    main .o(i.Task_PID) refers to motor.o(i.Motor_OUT) for Motor_OUT
    main .o(i.Task_PID) refers to os_time.o(i.OSTimeDlyHMSM) for OSTimeDlyHMSM
    main .o(i.Task_PID) refers to main .o(.bss) for PPM_data
    main .o(i.Task_PID) refers to main .o(.data) for IICMutex
    main .o(i.Task_Start) refers to serial.o(i.Serial_Init) for Serial_Init
    main .o(i.Task_Start) refers to gy86.o(i.GY86_Init) for GY86_Init
    main .o(i.Task_Start) refers to quaternion.o(i.Quater_Init) for Quater_Init
    main .o(i.Task_Start) refers to pid.o(i.PID_Init) for PID_Init
    main .o(i.Task_Start) refers to receiver.o(i.IC_Init) for IC_Init
    main .o(i.Task_Start) refers to motor.o(i.Motor_Init) for Motor_Init
    main .o(i.Task_Start) refers to oled.o(i.OLED_Init) for OLED_Init
    main .o(i.Task_Start) refers to oled.o(i.OLED_Clear) for OLED_Clear
    main .o(i.Task_Start) refers to gy86.o(i.IMU_Correct) for IMU_Correct
    main .o(i.Task_Start) refers to os_mutex.o(i.OSMutexCreate) for OSMutexCreate
    main .o(i.Task_Start) refers to os_task.o(i.OSTaskCreate) for OSTaskCreate
    main .o(i.Task_Start) refers to os_task.o(i.OSTaskNameSet) for OSTaskNameSet
    main .o(i.Task_Start) refers to os_task.o(i.OSTaskDel) for OSTaskDel
    main .o(i.Task_Start) refers to main .o(.bss) for quaternion_data
[...]
    .data                                    0x200000a4   Section        4  receiver.o(.data)
    .data                                    0x200000a8   Section       21  segger_sysview.o(.data)
    _DownBuffer                              0x200000b0   Data           8  segger_sysview.o(.data)
    _pFirstModule                            0x200000b8   Data           4  segger_sysview.o(.data)
    _NumModules                              0x200000bc   Data           1  segger_sysview.o(.data)
    .data                                    0x200000c0   Section        8  segger_sysview_ucosii.o(.data)
    _NumTasks                                0x200000c0   Data           4  segger_sysview_ucosii.o(.data)
    _NumResources                            0x200000c4   Data           4  segger_sysview_ucosii.o(.data)
    .data                                    0x200000c8   Section        4  errno.o(.data)
    _errno                                   0x200000c8   Data           4  errno.o(.data)
    .bss                                     0x200000d0   Section    41120  main .o(.bss)
    .bss                                     0x2000a170   Section     5048  os_core.o(.bss)
    .bss                                     0x2000b528   Section     1024  os_cpu_c.o(.bss)
    .bss                                     0x2000b928   Section      100  anto.o(.bss)
    .bss                                     0x2000b98c   Section      224  pid.o(.bss)
    .bss                                     0x2000ba6c   Section     4280  segger_rtt.o(.bss)
    _acUpBuffer                              0x2000bb14   Data        4096  segger_rtt.o(.bss)
    _acDownBuffer                            0x2000cb14   Data          16  segger_rtt.o(.bss)
    .bss                                     0x2000cb24   Section     4363  segger_sysview.o(.bss)
    _UpBuffer                                0x2000cb24   Data        4096  segger_sysview.o(.bss)
    _SYSVIEW_Globals                         0x2000db24   Data          40  segger_sysview.o(.bss)
    _aPacket                                 0x2000db4c   Data         227  segger_sysview.o(.bss)
    .bss                                     0x2000dc30   Section     2176  segger_sysview_ucosii.o(.bss)
    _aTasks                                  0x2000dc30   Data         640  segger_sysview_ucosii.o(.bss)
    _aResources                              0x2000deb0   Data        1536  segger_sysview_ucosii.o(.bss)
    STACK                                    0x2000e4b0   Section     1024  startup_stm32f401xx.o(STACK)

    Global Symbols

    Symbol Name                              Value     Ov Type        Size  Object(Section)

    BuildAttributes$$THM_ISAv4$E$P$D$K$B$S$7EM$VFPi3$EXTD16$VFPS$VFMA$PE$A:L22UL41UL21$X:L11$S22US41US21$IEEE1$IW$USESV6$~STKCKD$USESV7$~SHL$OTIME$ROPI$IEEEX$EBA8$MICROLIB$REQ8$PRES8$EABIv2 0x00000000   Number         0  anon$$obj.o ABSOLUTE
    __ARM_use_no_argv                        0x00000000   Number         0  main .o ABSOLUTE
    _printf_a                                0x00000000   Number         0  stubs.o ABSOLUTE
    _printf_c                                0x00000000   Number         0  stubs.o ABSOLUTE
    _printf_charcount                        0x00000000   Number         0  stubs.o ABSOLUTE
    _printf_d                                0x00000000   Number         0  stubs.o ABSOLUTE
    _printf_e                                0x00000000   Number         0  stubs.o ABSOLUTE
    _printf_f                                0x00000000   Number         0  stubs.o ABSOLUTE
    _printf_flags                            0x00000000   Number         0  stubs.o ABSOLUTE
    _printf_fp_dec                           0x00000000   Number         0  stubs.o ABSOLUTE
    _printf_fp_hex                           0x00000000   Number         0  stubs.o ABSOLUTE
    _printf_g                                0x00000000   Number         0  stubs.o ABSOLUTE
    _printf_i                                0x00000000   Number         0  stubs.o ABSOLUTE
    _printf_int_dec                          0x00000000   Number         0  stubs.o ABSOLUTE
    _printf_l                                0x00000000   Number         0  stubs.o ABSOLUTE
    _printf_lc                               0x00000000   Number         0  stubs.o ABSOLUTE
    _printf_ll                               0x00000000   Number         0  stubs.o ABSOLUTE
    _printf_lld                              0x00000000   Number         0  stubs.o ABSOLUTE
    _printf_lli                              0x00000000   Number         0  stubs.o ABSOLUTE
    _printf_llo                              0x00000000   Number         0  stubs.o ABSOLUTE
    _printf_llu                              0x00000000   Number         0  stubs.o ABSOLUTE
    _printf_llx                              0x00000000   Number         0  stubs.o ABSOLUTE
    _printf_longlong_dec                     0x00000000   Number         0  stubs.o ABSOLUTE
    _printf_longlong_hex                     0x00000000   Number         0  stubs.o ABSOLUTE
    _printf_longlong_oct                     0x00000000   Number         0  stubs.o ABSOLUTE
    _printf_ls                               0x00000000   Number         0  stubs.o ABSOLUTE
    _printf_mbtowc                           0x00000000   Number         0  stubs.o ABSOLUTE
    _printf_n                                0x00000000   Number         0  stubs.o ABSOLUTE
    _printf_o                                0x00000000   Number         0  stubs.o ABSOLUTE
    _printf_p                                0x00000000   Number         0  stubs.o ABSOLUTE
    _printf_percent                          0x00000000   Number         0  stubs.o ABSOLUTE
    _printf_pre_padding                      0x00000000   Number         0  stubs.o ABSOLUTE
    _printf_return_value                     0x00000000   Number         0  stubs.o ABSOLUTE
    _printf_s                                0x00000000   Number         0  stubs.o ABSOLUTE
    _printf_sizespec                         0x00000000   Number         0  stubs.o ABSOLUTE
    _printf_str                              0x00000000   Number         0  stubs.o ABSOLUTE
    _printf_truncate_signed                  0x00000000   Number         0  stubs.o ABSOLUTE
    _printf_truncate_unsigned                0x00000000   Number         0  stubs.o ABSOLUTE
    _printf_u                                0x00000000   Number         0  stubs.o ABSOLUTE
    _printf_wc                               0x00000000   Number         0  stubs.o ABSOLUTE
    _printf_wctomb                           0x00000000   Number         0  stubs.o ABSOLUTE
    _printf_widthprec                        0x00000000   Number         0  stubs.o ABSOLUTE
    _printf_x                                0x00000000   Number         0  stubs.o ABSOLUTE
    __cpp_initialize__aeabi_                  - Undefined Weak Reference
    __cxa_finalize                            - Undefined Weak Reference
    __decompress                              - Undefined Weak Reference
    _clock_init                               - Undefined Weak Reference
    _microlib_exit                            - Undefined Weak Reference
    __Vectors_Size                           0x00000194   Number         0  startup_stm32f401xx.o ABSOLUTE
    __Vectors                                0x08000000   Data           4  startup_stm32f401xx.o(RESET)
    __Vectors_End                            0x08000194   Data           0  startup_stm32f401xx.o(RESET)
    __main                                   0x08000195   Thumb Code     0  entry.o(.ARM.Collect$$$$00000000)
    _main_stk                                0x08000195   Thumb Code     0  entry2.o(.ARM.Collect$$$$00000001)
    _main_scatterload                        0x08000199   Thumb Code     0  entry5.o(.ARM.Collect$$$$00000004)
    __main_after_scatterload                 0x0800019d   Thumb Code     0  entry5.o(.ARM.Collect$$$$00000004)
    _main_clock                              0x0800019d   Thumb Code     0  entry7b.o(.ARM.Collect$$$$00000008)
    _main_cpp_init                           0x0800019d   Thumb Code     0  entry8b.o(.ARM.Collect$$$$0000000A)
    _main_init                               0x0800019d   Thumb Code     0  entry9a.o(.ARM.Collect$$$$0000000B)
    __rt_final_cpp                           0x080001a5   Thumb Code     0  entry10a.o(.ARM.Collect$$$$0000000D)
    __rt_final_exit                          0x080001a5   Thumb Code     0  entry11a.o(.ARM.Collect$$$$0000000F)
    Reset_Handler                            0x080001a9   Thumb Code     8  startup_stm32f401xx.o(.text)
    ADC_IRQHandler                           0x080001c3   Thumb Code     0  startup_stm32f401xx.o(.text)
    DMA1_Stream0_IRQHandler                  0x080001c3   Thumb Code     0  startup_stm32f401xx.o(.text)
    DMA1_Stream1_IRQHandler                  0x080001c3   Thumb Code     0  startup_stm32f401xx.o(.text)
    DMA1_Stream2_IRQHandler                  0x080001c3   Thumb Code     0  startup_stm32f401xx.o(.text)
    DMA1_Stream3_IRQHandler                  0x080001c3   Thumb Code     0  startup_stm32f401xx.o(.text)
    DMA1_Stream4_IRQHandler                  0x080001c3   Thumb Code     0  startup_stm32f401xx.o(.text)
    DMA1_Stream5_IRQHandler                  0x080001c3   Thumb Code     0  startup_stm32f401xx.o(.text)
    DMA1_Stream6_IRQHandler                  0x080001c3   Thumb Code     0  startup_stm32f401xx.o(.text)
    DMA1_Stream7_IRQHandler                  0x080001c3   Thumb Code     0  startup_stm32f401xx.o(.text)
    DMA2_Stream0_IRQHandler                  0x080001c3   Thumb Code     0  startup_stm32f401xx.o(.text)
    DMA2_Stream1_IRQHandler                  0x080001c3   Thumb Code     0  startup_stm32f401xx.o(.text)
    DMA2_Stream2_IRQHandler                  0x080001c3   Thumb Code     0  startup_stm32f401xx.o(.text)
    DMA2_Stream3_IRQHandler                  0x080001c3   Thumb Code     0  startup_stm32f401xx.o(.text)
    DMA2_Stream4_IRQHandler                  0x080001c3   Thumb Code     0  startup_stm32f401xx.o(.text)
    DMA2_Stream5_IRQHandler                  0x080001c3   Thumb Code     0  startup_stm32f401xx.o(.text)
    DMA2_Stream6_IRQHandler                  0x080001c3   Thumb Code     0  startup_stm32f401xx.o(.text)
    DMA2_Stream7_IRQHandler                  0x080001c3   Thumb Code     0  startup_stm32f401xx.o(.text)
    EXTI0_IRQHandler                         0x080001c3   Thumb Code     0  startup_stm32f401xx.o(.text)
    EXTI15_10_IRQHandler                     0x080001c3   Thumb Code     0  startup_stm32f401xx.o(.text)
    EXTI1_IRQHandler                         0x080001c3   Thumb Code     0  startup_stm32f401xx.o(.text)
    EXTI2_IRQHandler                         0x080001c3   Thumb Code     0  startup_stm32f401xx.o(.text)
    EXTI3_IRQHandler                         0x080001c3   Thumb Code     0  startup_stm32f401xx.o(.text)
    EXTI4_IRQHandler                         0x080001c3   Thumb Code     0  startup_stm32f401xx.o(.text)
    EXTI9_5_IRQHandler                       0x080001c3   Thumb Code     0  startup_stm32f401xx.o(.text)
    FLASH_IRQHandler                         0x080001c3   Thumb Code     0  startup_stm32f401xx.o(.text)
    FPU_IRQHandler                           0x080001c3   Thumb Code     0  startup_stm32f401xx.o(.text)
    I2C1_ER_IRQHandler                       0x080001c3   Thumb Code     0  startup_stm32f401xx.o(.text)
    I2C1_EV_IRQHandler                       0x080001c3   Thumb Code     0  startup_stm32f401xx.o(.text)
    I2C2_ER_IRQHandler                       0x080001c3   Thumb Code     0  startup_stm32f401xx.o(.text)
    I2C2_EV_IRQHandler                       0x080001c3   Thumb Code     0  startup_stm32f401xx.o(.text)
    I2C3_ER_IRQHandler                       0x080001c3   Thumb Code     0  startup_stm32f401xx.o(.text)
    I2C3_EV_IRQHandler                       0x080001c3   Thumb Code     0  startup_stm32f401xx.o(.text)
    OTG_FS_IRQHandler                        0x080001c3   Thumb Code     0  startup_stm32f401xx.o(.text)
    OTG_FS_WKUP_IRQHandler                   0x080001c3   Thumb Code     0  startup_stm32f401xx.o(.text)
    PVD_IRQHandler                           0x080001c3   Thumb Code     0  startup_stm32f401xx.o(.text)
    RCC_IRQHandler                           0x080001c3   Thumb Code     0  startup_stm32f401xx.o(.text)
    RTC_Alarm_IRQHandler                     0x080001c3   Thumb Code     0  startup_stm32f401xx.o(.text)
    RTC_WKUP_IRQHandler                      0x080001c3   Thumb Code     0  startup_stm32f401xx.o(.text)
    SDIO_IRQHandler                          0x080001c3   Thumb Code     0  startup_stm32f401xx.o(.text)
    SPI1_IRQHandler                          0x080001c3   Thumb Code     0  startup_stm32f401xx.o(.text)
    SPI2_IRQHandler                          0x080001c3   Thumb Code     0  startup_stm32f401xx.o(.text)
    SPI3_IRQHandler                          0x080001c3   Thumb Code     0  startup_stm32f401xx.o(.text)
    SPI4_IRQHandler                          0x080001c3   Thumb Code     0  startup_stm32f401xx.o(.text)
    TAMP_STAMP_IRQHandler                    0x080001c3   Thumb Code     0  startup_stm32f401xx.o(.text)
    TIM1_BRK_TIM9_IRQHandler                 0x080001c3   Thumb Code     0  startup_stm32f401xx.o(.text)
    TIM1_TRG_COM_TIM11_IRQHandler            0x080001c3   Thumb Code     0  startup_stm32f401xx.o(.text)
    TIM1_UP_TIM10_IRQHandler                 0x080001c3   Thumb Code     0  startup_stm32f401xx.o(.text)
    TIM2_IRQHandler                          0x080001c3   Thumb Code     0  startup_stm32f401xx.o(.text)
    TIM3_IRQHandler                          0x080001c3   Thumb Code     0  startup_stm32f401xx.o(.text)
    TIM4_IRQHandler                          0x080001c3   Thumb Code     0  startup_stm32f401xx.o(.text)
    TIM5_IRQHandler                          0x080001c3   Thumb Code     0  startup_stm32f401xx.o(.text)
    USART2_IRQHandler                        0x080001c3   Thumb Code     0  startup_stm32f401xx.o(.text)
    USART6_IRQHandler                        0x080001c3   Thumb Code     0  startup_stm32f401xx.o(.text)
    WWDG_IRQHandler                          0x080001c3   Thumb Code     0  startup_stm32f401xx.o(.text)
    OS_CPU_FP_Reg_Push                       0x080001cd   Thumb Code     0  os_cpu_a.o(.text)
    OS_CPU_FP_Reg_Pop                        0x080001df   Thumb Code     0  os_cpu_a.o(.text)
    OS_CPU_SR_Save                           0x080001eb   Thumb Code     0  os_cpu_a.o(.text)
    OS_CPU_SR_Restore                        0x08000207   Thumb Code     0  os_cpu_a.o(.text)
    OSStartHighRdy                           0x08000219   Thumb Code     0  os_cpu_a.o(.text)
    OSCtxSw                                  0x08000271   Thumb Code     0  os_cpu_a.o(.text)
    OSIntCtxSw                               0x08000271   Thumb Code     0  os_cpu_a.o(.text)
    OS_CPU_PendSVHandler                     0x0800027b   Thumb Code     0  os_cpu_a.o(.text)
    __aeabi_memcpy                           0x08000301   Thumb Code    36  memcpya.o(.text)
    __aeabi_memcpy4                          0x08000301   Thumb Code     0  memcpya.o(.text)
    __aeabi_memcpy8                          0x08000301   Thumb Code     0  memcpya.o(.text)
    __aeabi_memset                           0x08000325   Thumb Code    14  memseta.o(.text)
    __aeabi_memset4                          0x08000325   Thumb Code     0  memseta.o(.text)
    __aeabi_memset8                          0x08000325   Thumb Code     0  memseta.o(.text)
    __aeabi_memclr                           0x08000333   Thumb Code     4  memseta.o(.text)
    __aeabi_memclr4                          0x08000333   Thumb Code     0  memseta.o(.text)
    __aeabi_memclr8                          0x08000333   Thumb Code     0  memseta.o(.text)
    _memset$wrapper                          0x08000337   Thumb Code    18  memseta.o(.text)
    __aeabi_dadd                             0x08000349   Thumb Code   322  dadd.o(.text)
    __aeabi_dsub                             0x0800048b   Thumb Code     6  dadd.o(.text)
    __aeabi_drsub                            0x08000491   Thumb Code     6  dadd.o(.text)
    __aeabi_dmul                             0x08000497   Thumb Code   228  dmul.o(.text)
    __aeabi_ddiv                             0x0800057b   Thumb Code   222  ddiv.o(.text)
    __aeabi_i2d                              0x08000659   Thumb Code    34  dflti.o(.text)
    __aeabi_d2uiz                            0x0800067b   Thumb Code    50  dfixui.o(.text)
    __aeabi_f2d                              0x080006ad   Thumb Code    38  f2d.o(.text)
    __aeabi_cdcmpeq                          0x080006d5   Thumb Code     0  cdcmple.o(.text)
    __aeabi_cdcmple                          0x080006d5   Thumb Code    48  cdcmple.o(.text)
    __aeabi_cdrcmple                         0x08000705   Thumb Code    48  cdrcmple.o(.text)
    __aeabi_d2f                              0x08000735   Thumb Code    56  d2f.o(.text)
    __aeabi_llsl                             0x0800076d   Thumb Code    30  llshl.o(.text)
    _ll_shift_l                              0x0800076d   Thumb Code     0  llshl.o(.text)
    __aeabi_llsr                             0x0800078b   Thumb Code    32  llushr.o(.text)
    _ll_ushift_r                             0x0800078b   Thumb Code     0  llushr.o(.text)
    __aeabi_lasr                             0x080007ab   Thumb Code    36  llsshr.o(.text)
    _ll_sshift_r                             0x080007ab   Thumb Code     0  llsshr.o(.text)
    __I$use$fp                               0x080007cf   Thumb Code     0  iusefp.o(.text)
    _float_round                             0x080007cf   Thumb Code    18  fepilogue.o(.text)
    _float_epilogue                          0x080007e1   Thumb Code    92  fepilogue.o(.text)
    _double_round                            0x0800083d   Thumb Code    30  depilogue.o(.text)
    _double_epilogue                         0x0800085b   Thumb Code   156  depilogue.o(.text)
    _dsqrt                                   0x080008f7   Thumb Code   162  dsqrt.o(.text)
    __scatterload                            0x08000999   Thumb Code    28  init.o(.text)
    __scatterload_rt2                        0x08000999   Thumb Code     0  init.o(.text)
    ANO_Send03                               0x080009bd   Thumb Code   192  anto.o(i.ANO_Send03)
    App_TCBInitHook                          0x08000a81   Thumb Code     2  app_hooks.o(i.App_TCBInitHook)
    App_TaskCreateHook                       0x08000a83   Thumb Code     2  app_hooks.o(i.App_TaskCreateHook)
    App_TaskDelHook                          0x08000a85   Thumb Code     2  app_hooks.o(i.App_TaskDelHook)
    App_TaskIdleHook                         0x08000a87   Thumb Code     2  app_hooks.o(i.App_TaskIdleHook)
    App_TaskReturnHook                       0x08000a89   Thumb Code     2  app_hooks.o(i.App_TaskReturnHook)
    App_TaskStatHook                         0x08000a8b   Thumb Code     2  app_hooks.o(i.App_TaskStatHook)
    App_TaskSwHook                           0x08000a8d   Thumb Code     2  app_hooks.o(i.App_TaskSwHook)
    App_TimeTickHook                         0x08000a8f   Thumb Code     2  app_hooks.o(i.App_TimeTickHook)
    BusFault_Handler                         0x08000a91   Thumb Code     4  stm32f4xx_it.o(i.BusFault_Handler)
    DebugMon_Handler                         0x08000a95   Thumb Code     2  stm32f4xx_it.o(i.DebugMon_Handler)
    Expect_Angle_Calc                        0x08000a99   Thumb Code    86  pid.o(i.Expect_Angle_Calc)
    GPIO_Init                                0x08000b01   Thumb Code   144  stm32f4xx_gpio.o(i.GPIO_Init)
    GPIO_PinAFConfig                         0x08000b91   Thumb Code    70  stm32f4xx_gpio.o(i.GPIO_PinAFConfig)
    GPIO_ReadInputDataBit                    0x08000bd7   Thumb Code    18  stm32f4xx_gpio.o(i.GPIO_ReadInputDataBit)
    GPIO_WriteBit                            0x08000be9   Thumb Code    12  stm32f4xx_gpio.o(i.GPIO_WriteBit)
    GY86_GetData                             0x08000bf5   Thumb Code   238  gy86.o(i.GY86_GetData)
    GY86_Init                                0x08000cf1   Thumb Code    12  gy86.o(i.GY86_Init)
    HMC5883L_GetData                         0x08000cfd   Thumb Code    30  hmc5883l.o(i.HMC5883L_GetData)
    HMC5883L_Init                            0x08000d1b   Thumb Code    28  hmc5883l.o(i.HMC5883L_Init)
    HMC5883L_ReadTwoReg                      0x08000d37   Thumb Code    78  hmc5883l.o(i.HMC5883L_ReadTwoReg)
    HMC5883L_WriteReg                        0x08000d85   Thumb Code    46  hmc5883l.o(i.HMC5883L_WriteReg)
    HardFault_Handler                        0x08000db3   Thumb Code     4  stm32f4xx_it.o(i.HardFault_Handler)
    IC_Init                                  0x08000db9   Thumb Code   200  receiver.o(i.IC_Init)
    IMU_Correct                              0x08000e95   Thumb Code   446  gy86.o(i.IMU_Correct)
    IMU_Task                                 0x0800105d   Thumb Code   238  gy86.o(i.IMU_Task)
    MPU6050_GetData                          0x0800114b   Thumb Code    54  mpu.o(i.MPU6050_GetData)
    MPU6050_Init                             0x08001181   Thumb Code    72  mpu.o(i.MPU6050_Init)
    MPU6050_ReadTwoReg                       0x080011c9   Thumb Code    78  mpu.o(i.MPU6050_ReadTwoReg)
    MPU6050_WriteReg                         0x08001217   Thumb Code    46  mpu.o(i.MPU6050_WriteReg)
    MadgwickAHRSupdate                       0x08001245   Thumb Code  2870  madgwick.o(i.MadgwickAHRSupdate)
    MemManage_Handler                        0x08001d89   Thumb Code     4  stm32f4xx_it.o(i.MemManage_Handler)
    Motor_Calc                               0x08001d8d   Thumb Code   290  pid.o(i.Motor_Calc)
    Motor_Init                               0x08001ecd   Thumb Code     8  motor.o(i.Motor_Init)
    Motor_OUT                                0x08001ed5   Thumb Code    50  motor.o(i.Motor_OUT)
    MyI2C_Init                               0x08001f0d   Thumb Code    98  myi2c.o(i.MyI2C_Init)
    MyI2C_ReceiveAck                         0x08001f79   Thumb Code    50  myi2c.o(i.MyI2C_ReceiveAck)
    MyI2C_ReceiveByte                        0x08001fb1   Thumb Code    72  myi2c.o(i.MyI2C_ReceiveByte)
    MyI2C_SendAck                            0x08001ffd   Thumb Code    40  myi2c.o(i.MyI2C_SendAck)
    MyI2C_SendByte                           0x08002029   Thumb Code    58  myi2c.o(i.MyI2C_SendByte)
    MyI2C_Start                              0x08002069   Thumb Code    48  myi2c.o(i.MyI2C_Start)
    MyI2C_Stop                               0x0800209d   Thumb Code    36  myi2c.o(i.MyI2C_Stop)
    My_USART1_Init                           0x080020c5   Thumb Code   260  usart.o(i.My_USART1_Init)
    NMI_Handler                              0x080021e9   Thumb Code     2  stm32f4xx_it.o(i.NMI_Handler)
    OLED_Clear                               0x080021eb   Thumb Code    42  oled.o(i.OLED_Clear)
    OLED_I2C_Init                            0x08002215   Thumb Code    72  oled.o(i.OLED_I2C_Init)
    OLED_I2C_SendByte                        0x08002261   Thumb Code    74  oled.o(i.OLED_I2C_SendByte)
    OLED_I2C_Start                           0x080022b1   Thumb Code    44  oled.o(i.OLED_I2C_Start)
    OLED_I2C_Stop                            0x080022e1   Thumb Code    34  oled.o(i.OLED_I2C_Stop)
    OLED_Init                                0x08002309   Thumb Code   174  oled.o(i.OLED_Init)
    OLED_Pow                                 0x080023b7   Thumb Code    20  oled.o(i.OLED_Pow)
    OLED_SetCursor                           0x080023cb   Thumb Code    34  oled.o(i.OLED_SetCursor)
    OLED_ShowChar                            0x080023ed   Thumb Code   110  oled.o(i.OLED_ShowChar)
    OLED_ShowNum                             0x08002461   Thumb Code    68  oled.o(i.OLED_ShowNum)
    OLED_WriteCommand                        0x080024a5   Thumb Code    32  oled.o(i.OLED_WriteCommand)
    OLED_WriteData                           0x080024c5   Thumb Code    32  oled.o(i.OLED_WriteData)
    OSDebugInit                              0x080024e5   Thumb Code   118  os_dbg_r.o(i.OSDebugInit)
    OSEventNameSet                           0x08002641   Thumb Code   122  os_core.o(i.OSEventNameSet)
    OSInit                                   0x080026c1   Thumb Code    56  os_core.o(i.OSInit)
    OSInitHookBegin                          0x080026f9   Thumb Code    68  os_cpu_c.o(i.OSInitHookBegin)
    OSInitHookEnd                            0x08002755   Thumb Code     2  os_cpu_c.o(i.OSInitHookEnd)
    OSIntEnter                               0x08002759   Thumb Code    34  os_core.o(i.OSIntEnter)
    OSIntExit                                0x08002785   Thumb Code   144  os_core.o(i.OSIntExit)
    OSMutexCreate                            0x08002835   Thumb Code   192  os_mutex.o(i.OSMutexCreate)
    OSMutexPend                              0x08002905   Thumb Code   624  os_mutex.o(i.OSMutexPend)
    OSMutexPost                              0x08002b8d   Thumb Code   242  os_mutex.o(i.OSMutexPost)
    OSSchedLock                              0x08002d21   Thumb Code    60  os_core.o(i.OSSchedLock)
    OSSchedUnlock                            0x08002d69   Thumb Code   100  os_core.o(i.OSSchedUnlock)
    OSSemCreate                              0x08002dd9   Thumb Code    92  os_sem.o(i.OSSemCreate)
    OSSemPend                                0x08002e41   Thumb Code   266  os_sem.o(i.OSSemPend)
    OSSemPost                                0x08002f59   Thumb Code   112  os_sem.o(i.OSSemPost)
    OSStart                                  0x08002fc9   Thumb Code    48  os_core.o(i.OSStart)
    OSTCBInitHook                            0x08003011   Thumb Code    12  os_cpu_c.o(i.OSTCBInitHook)
    OSTaskCreate                             0x0800301d   Thumb Code   262  os_task.o(i.OSTaskCreate)
    OSTaskCreateExt                          0x08003131   Thumb Code   282  os_task.o(i.OSTaskCreateExt)
    OSTaskCreateHook                         0x08003259   Thumb Code    12  os_cpu_c.o(i.OSTaskCreateHook)
    OSTaskDel                                0x08003265   Thumb Code   354  os_task.o(i.OSTaskDel)
    OSTaskDelHook                            0x080033f5   Thumb Code    12  os_cpu_c.o(i.OSTaskDelHook)
    OSTaskIdleHook                           0x08003401   Thumb Code     8  os_cpu_c.o(i.OSTaskIdleHook)
    OSTaskNameSet                            0x08003409   Thumb Code   158  os_task.o(i.OSTaskNameSet)
    OSTaskReturnHook                         0x080034b5   Thumb Code    12  os_cpu_c.o(i.OSTaskReturnHook)
    OSTaskStatHook                           0x080034c1   Thumb Code     8  os_cpu_c.o(i.OSTaskStatHook)
    OSTaskStkChk                             0x080034c9   Thumb Code   168  os_task.o(i.OSTaskStkChk)
    OSTaskStkInit                            0x08003579   Thumb Code   442  os_cpu_c.o(i.OSTaskStkInit)
    OSTaskSuspend                            0x080037a1   Thumb Code   196  os_task.o(i.OSTaskSuspend)
    OSTaskSwHook                             0x08003875   Thumb Code    36  os_cpu_c.o(i.OSTaskSwHook)
    OSTimeDly                                0x080038a1   Thumb Code   118  os_time.o(i.OSTimeDly)
    OSTimeDlyHMSM                            0x0800392d   Thumb Code   124  os_time.o(i.OSTimeDlyHMSM)
    OSTimeGet                                0x080039b1   Thumb Code    34  os_time.o(i.OSTimeGet)
    OSTimeTick                               0x080039d9   Thumb Code   246  os_core.o(i.OSTimeTick)
    OSTimeTickHook                           0x08003ae9   Thumb Code    34  os_cpu_c.o(i.OSTimeTickHook)
    OSTmrSignal                              0x08003b11   Thumb Code    16  os_tmr.o(i.OSTmrSignal)
    OSTmr_Init                               0x08003b25   Thumb Code   168  os_tmr.o(i.OSTmr_Init)
    OS_CPU_SysTickHandler                    0x08003da9   Thumb Code    38  os_cpu_c.o(i.OS_CPU_SysTickHandler)
    OS_CPU_SysTickInit                       0x08003dd1   Thumb Code    50  os_cpu_c.o(i.OS_CPU_SysTickInit)
    OS_CPU_SysTickInitFreq                   0x08003e09   Thumb Code    18  os_cpu_c.o(i.OS_CPU_SysTickInitFreq)
    OS_Dummy                                 0x08003e1b   Thumb Code     2  os_core.o(i.OS_Dummy)
    OS_EventTaskRdy                          0x08003e1d   Thumb Code   138  os_core.o(i.OS_EventTaskRdy)
    OS_EventTaskRemove                       0x08003eb9   Thumb Code    46  os_core.o(i.OS_EventTaskRemove)
    OS_EventTaskRemoveMulti                  0x08003ee7   Thumb Code    58  os_core.o(i.OS_EventTaskRemoveMulti)
    OS_EventTaskWait                         0x08003f21   Thumb Code   122  os_core.o(i.OS_EventTaskWait)
    OS_EventWaitListInit                     0x08003fa9   Thumb Code    28  os_core.o(i.OS_EventWaitListInit)
    OS_FlagInit                              0x08003fc5   Thumb Code    74  os_flag.o(i.OS_FlagInit)
    OS_FlagUnlink                            0x0800401d   Thumb Code    36  os_flag.o(i.OS_FlagUnlink)
    OS_MemClr                                0x08004261   Thumb Code    18  os_core.o(i.OS_MemClr)
    OS_MemInit                               0x08004275   Thumb Code    74  os_mem.o(i.OS_MemInit)
    OS_QInit                                 0x080042cd   Thumb Code    72  os_q.o(i.OS_QInit)
    OS_Sched                                 0x0800431d   Thumb Code    98  os_core.o(i.OS_Sched)
    OS_TCBInit                               0x080043c9   Thumb Code   336  os_core.o(i.OS_TCBInit)
    OS_TaskIdle                              0x08004535   Thumb Code    42  os_core.o(i.OS_TaskIdle)
    OS_TaskReturn                            0x08004565   Thumb Code    18  os_task.o(i.OS_TaskReturn)
    OS_TaskStat                              0x0800457d   Thumb Code   218  os_core.o(i.OS_TaskStat)
    OS_TaskStatStkChk                        0x0800466d   Thumb Code    54  os_core.o(i.OS_TaskStatStkChk)
    OS_TaskStkClr                            0x080046a9   Thumb Code    26  os_task.o(i.OS_TaskStkClr)
    PID_Calc                                 0x080046c5   Thumb Code   246  pid.o(i.PID_Calc)
    PID_Init                                 0x080047c5   Thumb Code   188  pid.o(i.PID_Init)
    PWM_Init                                 0x080048a9   Thumb Code   242  pwm.o(i.PWM_Init)
    Quater_Init                              0x080049a9   Thumb Code    18  quaternion.o(i.Quater_Init)
    RCC_AHB1PeriphClockCmd                   0x080049bd   Thumb Code    26  stm32f4xx_rcc.o(i.RCC_AHB1PeriphClockCmd)
    RCC_GetClocksFreq                        0x080049dd   Thumb Code   214  stm32f4xx_rcc.o(i.RCC_GetClocksFreq)
    SEGGER_RTT_AllocUpBuffer                 0x08004ac5   Thumb Code   194  segger_rtt.o(i.SEGGER_RTT_AllocUpBuffer)
    SEGGER_RTT_ConfigDownBuffer              0x08004b8d   Thumb Code   114  segger_rtt.o(i.SEGGER_RTT_ConfigDownBuffer)
    SEGGER_RTT_ReadNoLock                    0x08004c05   Thumb Code   166  segger_rtt.o(i.SEGGER_RTT_ReadNoLock)
    SEGGER_RTT_WriteSkipNoLock               0x08004cb1   Thumb Code   154  segger_rtt.o(i.SEGGER_RTT_WriteSkipNoLock)
    SEGGER_SYSVIEW_Conf                      0x08004d51   Thumb Code    34  segger_sysview_config_ucosii.o(i.SEGGER_SYSVIEW_Conf)
    SEGGER_SYSVIEW_GetSysDesc                0x08004d7d   Thumb Code   180  segger_sysview.o(i.SEGGER_SYSVIEW_GetSysDesc)
    SEGGER_SYSVIEW_Init                      0x08004e39   Thumb Code    78  segger_sysview.o(i.SEGGER_SYSVIEW_Init)
    SEGGER_SYSVIEW_NameResource              0x08004ea1   Thumb Code   104  segger_sysview.o(i.SEGGER_SYSVIEW_NameResource)
    SEGGER_SYSVIEW_OnIdle                    0x08004f11   Thumb Code    48  segger_sysview.o(i.SEGGER_SYSVIEW_OnIdle)
    SEGGER_SYSVIEW_OnTaskCreate              0x08004f45   Thumb Code    90  segger_sysview.o(i.SEGGER_SYSVIEW_OnTaskCreate)
    SEGGER_SYSVIEW_OnTaskStartExec           0x08004fa9   Thumb Code    90  segger_sysview.o(i.SEGGER_SYSVIEW_OnTaskStartExec)
    SEGGER_SYSVIEW_OnTaskStartReady          0x0800500d   Thumb Code    90  segger_sysview.o(i.SEGGER_SYSVIEW_OnTaskStartReady)
    SEGGER_SYSVIEW_OnTaskStopReady           0x08005071   Thumb Code   122  segger_sysview.o(i.SEGGER_SYSVIEW_OnTaskStopReady)
    SEGGER_SYSVIEW_RecordEnterISR            0x080050f5   Thumb Code    90  segger_sysview.o(i.SEGGER_SYSVIEW_RecordEnterISR)
    SEGGER_SYSVIEW_RecordExitISR             0x08005159   Thumb Code    48  segger_sysview.o(i.SEGGER_SYSVIEW_RecordExitISR)
    SEGGER_SYSVIEW_RecordExitISRToScheduler  0x0800518d   Thumb Code    48  segger_sysview.o(i.SEGGER_SYSVIEW_RecordExitISRToScheduler)
    SEGGER_SYSVIEW_RecordSystime             0x080051c1   Thumb Code    52  segger_sysview.o(i.SEGGER_SYSVIEW_RecordSystime)
    SEGGER_SYSVIEW_RecordU32                 0x080051fd   Thumb Code    88  segger_sysview.o(i.SEGGER_SYSVIEW_RecordU32)
    SEGGER_SYSVIEW_RecordU32x2               0x08005259   Thumb Code   118  segger_sysview.o(i.SEGGER_SYSVIEW_RecordU32x2)
    SEGGER_SYSVIEW_RecordVoid                0x080052d5   Thumb Code    50  segger_sysview.o(i.SEGGER_SYSVIEW_RecordVoid)
    SEGGER_SYSVIEW_SendModule                0x0800530d   Thumb Code   172  segger_sysview.o(i.SEGGER_SYSVIEW_SendModule)
    SEGGER_SYSVIEW_SendModuleDescription     0x080053c1   Thumb Code    30  segger_sysview.o(i.SEGGER_SYSVIEW_SendModuleDescription)
    SEGGER_SYSVIEW_SendNumModules            0x080053e5   Thumb Code    80  segger_sysview.o(i.SEGGER_SYSVIEW_SendNumModules)
    SEGGER_SYSVIEW_SendSysDesc               0x0800543d   Thumb Code    66  segger_sysview.o(i.SEGGER_SYSVIEW_SendSysDesc)
    SEGGER_SYSVIEW_SendTaskInfo              0x08005485   Thumb Code   260  segger_sysview.o(i.SEGGER_SYSVIEW_SendTaskInfo)
    SEGGER_SYSVIEW_SendTaskList              0x08005591   Thumb Code    26  segger_sysview.o(i.SEGGER_SYSVIEW_SendTaskList)
    SEGGER_SYSVIEW_SetRAMBase                0x080055b1   Thumb Code     6  segger_sysview.o(i.SEGGER_SYSVIEW_SetRAMBase)
    SEGGER_SYSVIEW_ShrinkId                  0x080055bd   Thumb Code    10  segger_sysview.o(i.SEGGER_SYSVIEW_ShrinkId)
    SEGGER_SYSVIEW_Start                     0x080055cd   Thumb Code   240  segger_sysview.o(i.SEGGER_SYSVIEW_Start)
    SEGGER_SYSVIEW_Stop                      0x080056c9   Thumb Code    60  segger_sysview.o(i.SEGGER_SYSVIEW_Stop)
    SEGGER_SYSVIEW_Warn                      0x0800570d   Thumb Code   122  segger_sysview.o(i.SEGGER_SYSVIEW_Warn)
    SVC_Handler                              0x0800578d   Thumb Code     2  stm32f4xx_it.o(i.SVC_Handler)
    SYSCLK_FreqGet                           0x0800578f   Thumb Code    14  segger_sysview_config_ucosii.o(i.SYSCLK_FreqGet)
    SYSVIEW_AddTask                          0x0800579d   Thumb Code   146  segger_sysview_ucosii.o(i.SYSVIEW_AddTask)
    SYSVIEW_RecordU32Register                0x08005841   Thumb Code   112  segger_sysview_ucosii.o(i.SYSVIEW_RecordU32Register)
    SYSVIEW_SendResourceList                 0x080058bd   Thumb Code    70  segger_sysview_ucosii.o(i.SYSVIEW_SendResourceList)
    SYSVIEW_SendTaskInfo                     0x0800590d   Thumb Code    50  segger_sysview_ucosii.o(i.SYSVIEW_SendTaskInfo)
    SYSVIEW_TaskReady                        0x08005941   Thumb Code    22  segger_sysview_ucosii.o(i.SYSVIEW_TaskReady)
    SYSVIEW_TaskSuspend                      0x0800595d   Thumb Code    24  segger_sysview_ucosii.o(i.SYSVIEW_TaskSuspend)
    SYSVIEW_TaskSwitchedIn                   0x08005979   Thumb Code    28  segger_sysview_ucosii.o(i.SYSVIEW_TaskSwitchedIn)
    SYSVIEW_UpdateResource                   0x08005999   Thumb Code    84  segger_sysview_ucosii.o(i.SYSVIEW_UpdateResource)
    SYSVIEW_UpdateTask                       0x080059f5   Thumb Code   144  segger_sysview_ucosii.o(i.SYSVIEW_UpdateTask)
    SendByte                                 0x08005a91   Thumb Code    24  anto.o(i.SendByte)
    Serial_Init                              0x08005aad   Thumb Code     8  serial.o(i.Serial_Init)
    Single_PID_Init                          0x08005b9d   Thumb Code    66  pid.o(i.Single_PID_Init)
    Step_Grad                                0x08005be5   Thumb Code  1060  acc.o(i.Step_Grad)
    SystemInit                               0x08006009   Thumb Code    88  system_stm32f4xx.o(i.SystemInit)
    TIM1_CC_IRQHandler                       0x08006071   Thumb Code   306  receiver.o(i.TIM1_CC_IRQHandler)
    TIM_OC1Init                              0x080061bd   Thumb Code   114  stm32f4xx_tim.o(i.TIM_OC1Init)
    TIM_OC2Init                              0x08006239   Thumb Code   154  stm32f4xx_tim.o(i.TIM_OC2Init)
    TIM_OC3Init                              0x080062dd   Thumb Code   150  stm32f4xx_tim.o(i.TIM_OC3Init)
    TIM_OC4Init                              0x0800637d   Thumb Code   112  stm32f4xx_tim.o(i.TIM_OC4Init)
    TIM_OCStructInit                         0x080063f5   Thumb Code    20  stm32f4xx_tim.o(i.TIM_OCStructInit)
    TIM_TimeBaseInit                         0x08006409   Thumb Code   104  stm32f4xx_tim.o(i.TIM_TimeBaseInit)
    Task_Anto                                0x0800648d   Thumb Code   114  main .o(i.Task_Anto)
    Task_GY86                                0x08006515   Thumb Code    74  main .o(i.Task_GY86)
    Task_OLED                                0x0800658d   Thumb Code   538  main .o(i.Task_OLED)
    Task_PID                                 0x080067bd   Thumb Code   182  main .o(i.Task_PID)
    Task_Start                               0x0800689d   Thumb Code   176  main .o(i.Task_Start)
    USART1_IRQHandler                        0x080069d9   Thumb Code    40  usart.o(i.USART1_IRQHandler)
    USART_GetFlagStatus                      0x08006a05   Thumb Code    26  stm32f4xx_usart.o(i.USART_GetFlagStatus)
    USART_SendByte                           0x08006a21   Thumb Code    24  usart.o(i.USART_SendByte)
    UsageFault_Handler                       0x08006a3d   Thumb Code     4  stm32f4xx_it.o(i.UsageFault_Handler)
    __ARM_fpclassify                         0x08006df5   Thumb Code    48  fpclassify.o(i.__ARM_fpclassify)
    __hardfp_asin                            0x08006e29   Thumb Code   770  asin.o(i.__hardfp_asin)
    __hardfp_atan                            0x08007189   Thumb Code   622  atan.o(i.__hardfp_atan)
    __hardfp_atan2                           0x08007461   Thumb Code   432  atan2.o(i.__hardfp_atan2)
    __hardfp_sqrt                            0x08007651   Thumb Code   122  sqrt.o(i.__hardfp_sqrt)
    __kernel_poly                            0x080076cb   Thumb Code   248  poly.o(i.__kernel_poly)
    __mathlib_dbl_infnan                     0x080077c3   Thumb Code    20  dunder.o(i.__mathlib_dbl_infnan)
    __mathlib_dbl_infnan2                    0x080077d7   Thumb Code    20  dunder.o(i.__mathlib_dbl_infnan2)
    __mathlib_dbl_invalid                    0x080077f1   Thumb Code    24  dunder.o(i.__mathlib_dbl_invalid)
    __mathlib_dbl_underflow                  0x08007811   Thumb Code    24  dunder.o(i.__mathlib_dbl_underflow)
    __scatterload_copy                       0x08007831   Thumb Code    14  handlers.o(i.__scatterload_copy)
    __scatterload_null                       0x0800783f   Thumb Code     2  handlers.o(i.__scatterload_null)
    __scatterload_zeroinit                   0x08007841   Thumb Code    14  handlers.o(i.__scatterload_zeroinit)
    __set_errno                              0x08007851   Thumb Code     6  errno.o(i.__set_errno)
    atan                                     0x08007919   Thumb Code    16  atan.o(i.atan)
    compute_error                            0x08007929   Thumb Code   126  acc.o(i.compute_error)
    fabs                                     0x080079a7   Thumb Code    24  fabs.o(i.fabs)
    gradientDescent                          0x080079c1   Thumb Code   390  acc.o(i.gradientDescent)
    invSqrt                                  0x08007b55   Thumb Code    56  madgwick.o(i.invSqrt)
    main                                     0x08007b91   Thumb Code    36  main .o(i.main)
    sqrt                                     0x08007bc1   Thumb Code   110  sqrt.o(i.sqrt)
    usart_SendArray                          0x08007c31   Thumb Code    58  anto.o(i.usart_SendArray)
    vector_norm                              0x08007c71   Thumb Code    94  acc.o(i.vector_norm)
    OSUnMapTbl                               0x08007cce   Data         256  os_core.o(.constdata)
    OSDebugEn                                0x08007dd0   Data           2  os_dbg_r.o(.constdata)
    OSEndiannessTest                         0x08007dd4   Data           4  os_dbg_r.o(.constdata)
    OSEventEn                                0x08007dd8   Data           2  os_dbg_r.o(.constdata)
    OSEventMax                               0x08007dda   Data           2  os_dbg_r.o(.constdata)
    OSEventNameEn                            0x08007ddc   Data           2  os_dbg_r.o(.constdata)
    OSEventSize                              0x08007dde   Data           2  os_dbg_r.o(.constdata)
    OSEventTblSize                           0x08007de0   Data           2  os_dbg_r.o(.constdata)
    OSEventMultiEn                           0x08007de2   Data           2  os_dbg_r.o(.constdata)
    OSFlagEn                                 0x08007de4   Data           2  os_dbg_r.o(.constdata)
    OSFlagGrpSize                            0x08007de6   Data           2  os_dbg_r.o(.constdata)
    OSFlagNodeSize                           0x08007de8   Data           2  os_dbg_r.o(.constdata)
    OSFlagWidth                              0x08007dea   Data           2  os_dbg_r.o(.constdata)
    OSFlagMax                                0x08007dec   Data           2  os_dbg_r.o(.constdata)
    OSFlagNameEn                             0x08007dee   Data           2  os_dbg_r.o(.constdata)
    OSLowestPrio                             0x08007df0   Data           2  os_dbg_r.o(.constdata)
    OSMboxEn                                 0x08007df2   Data           2  os_dbg_r.o(.constdata)
    OSMemEn                                  0x08007df4   Data           2  os_dbg_r.o(.constdata)
    OSMemMax                                 0x08007df6   Data           2  os_dbg_r.o(.constdata)
    OSMemNameEn                              0x08007df8   Data           2  os_dbg_r.o(.constdata)
    OSMemSize                                0x08007dfa   Data           2  os_dbg_r.o(.constdata)
    OSMemTblSize                             0x08007dfc   Data           2  os_dbg_r.o(.constdata)
    OSMutexEn                                0x08007dfe   Data           2  os_dbg_r.o(.constdata)
    OSPtrSize                                0x08007e00   Data           2  os_dbg_r.o(.constdata)
    OSQEn                                    0x08007e02   Data           2  os_dbg_r.o(.constdata)
    OSQMax                                   0x08007e04   Data           2  os_dbg_r.o(.constdata)
    OSQSize                                  0x08007e06   Data           2  os_dbg_r.o(.constdata)
    OSRdyTblSize                             0x08007e08   Data           2  os_dbg_r.o(.constdata)
    OSSemEn                                  0x08007e0a   Data           2  os_dbg_r.o(.constdata)
    OSStkWidth                               0x08007e0c   Data           2  os_dbg_r.o(.constdata)
    OSTaskCreateEn                           0x08007e0e   Data           2  os_dbg_r.o(.constdata)
    OSTaskCreateExtEn                        0x08007e10   Data           2  os_dbg_r.o(.constdata)
    OSTaskDelEn                              0x08007e12   Data           2  os_dbg_r.o(.constdata)
    OSTaskIdleStkSize                        0x08007e14   Data           2  os_dbg_r.o(.constdata)
    OSTaskProfileEn                          0x08007e16   Data           2  os_dbg_r.o(.constdata)
    OSTaskMax                                0x08007e18   Data           2  os_dbg_r.o(.constdata)
    OSTaskNameEn                             0x08007e1a   Data           2  os_dbg_r.o(.constdata)
    OSTaskStatEn                             0x08007e1c   Data           2  os_dbg_r.o(.constdata)
    OSTaskStatStkSize                        0x08007e1e   Data           2  os_dbg_r.o(.constdata)
    OSTaskStatStkChkEn                       0x08007e20   Data           2  os_dbg_r.o(.constdata)
    OSTaskSwHookEn                           0x08007e22   Data           2  os_dbg_r.o(.constdata)
    OSTaskRegTblSize                         0x08007e24   Data           2  os_dbg_r.o(.constdata)
    OSTCBPrioTblMax                          0x08007e26   Data           2  os_dbg_r.o(.constdata)
    OSTCBSize                                0x08007e28   Data           2  os_dbg_r.o(.constdata)
    OSTicksPerSec                            0x08007e2a   Data           2  os_dbg_r.o(.constdata)
    OSTimeTickHookEn                         0x08007e2c   Data           2  os_dbg_r.o(.constdata)
    OSVersionNbr                             0x08007e2e   Data           2  os_dbg_r.o(.constdata)
    OS_TLS_TblSize                           0x08007e30   Data           2  os_dbg_r.o(.constdata)
    OSTmrEn                                  0x08007e32   Data           2  os_dbg_r.o(.constdata)
    OSTmrCfgMax                              0x08007e34   Data           2  os_dbg_r.o(.constdata)
    OSTmrCfgNameEn                           0x08007e36   Data           2  os_dbg_r.o(.constdata)
    OSTmrCfgWheelSize                        0x08007e38   Data           2  os_dbg_r.o(.constdata)
    OSTmrCfgTicksPerSec                      0x08007e3a   Data           2  os_dbg_r.o(.constdata)
    OSTmrSize                                0x08007e3c   Data           2  os_dbg_r.o(.constdata)
    OSTmrTblSize                             0x08007e3e   Data           2  os_dbg_r.o(.constdata)
    OSTmrWheelSize                           0x08007e40   Data           2  os_dbg_r.o(.constdata)
    OSTmrWheelTblSize                        0x08007e42   Data           2  os_dbg_r.o(.constdata)
    OSDataSize                               0x08007e44   Data           2  os_dbg_r.o(.constdata)
    OLED_F8x16                               0x08007e46   Data        1520  oled.o(.constdata)
    SYSVIEW_X_OS_TraceAPI                    0x08008474   Data           8  segger_sysview_ucosii.o(.constdata)
    __mathlib_zero                           0x08008568   Data           8  qnan.o(.constdata)
    Region$$Table$$Base                      0x08008614   Number         0  anon$$obj.o(Region$$Table)
    Region$$Table$$Limit                     0x08008634   Number         0  anon$$obj.o(Region$$Table)
    IICMutex                                 0x20000000   Data           4  main .o(.data)
    roll                                     0x20000004   Data           4  main .o(.data)
    pitch                                    0x20000008   Data           4  main .o(.data)
    yaw                                      0x2000000c   Data           4  main .o(.data)
    motor1                                   0x20000010   Data           4  main .o(.data)
    motor2                                   0x20000014   Data           4  main .o(.data)
    motor3                                   0x20000018   Data           4  main .o(.data)
    motor4                                   0x2000001c   Data           4  main .o(.data)
    flag                                     0x20000020   Data           4  main .o(.data)
    OSCtxSwCtr                               0x20000034   Data           4  os_core.o(.data)
    OSEventFreeList                          0x20000038   Data           4  os_core.o(.data)
    OSFlagFreeList                           0x2000003c   Data           4  os_core.o(.data)
    OSCPUUsage                               0x20000040   Data           1  os_core.o(.data)
    OSIdleCtrMax                             0x20000044   Data           4  os_core.o(.data)
    OSIdleCtrRun                             0x20000048   Data           4  os_core.o(.data)
    OSStatRdy                                0x2000004c   Data           1  os_core.o(.data)
    OSIntNesting                             0x2000004d   Data           1  os_core.o(.data)
    OSLockNesting                            0x2000004e   Data           1  os_core.o(.data)
    OSPrioCur                                0x2000004f   Data           1  os_core.o(.data)
    OSPrioHighRdy                            0x20000050   Data           1  os_core.o(.data)
    OSRdyGrp                                 0x20000051   Data           1  os_core.o(.data)
    OSRdyTbl                                 0x20000052   Data           8  os_core.o(.data)
    OSRunning                                0x2000005a   Data           1  os_core.o(.data)
    OSTaskCtr                                0x2000005b   Data           1  os_core.o(.data)
    OSIdleCtr                                0x2000005c   Data           4  os_core.o(.data)
    OSTCBCur                                 0x20000060   Data           4  os_core.o(.data)
    OSTCBFreeList                            0x20000064   Data           4  os_core.o(.data)
    OSTCBHighRdy                             0x20000068   Data           4  os_core.o(.data)
    OSTCBList                                0x2000006c   Data           4  os_core.o(.data)
    OSTickStepState                          0x20000070   Data           1  os_core.o(.data)
    OSMemFreeList                            0x20000074   Data           4  os_core.o(.data)
    OSQFreeList                              0x20000078   Data           4  os_core.o(.data)
    OSTaskRegNextAvailID                     0x2000007c   Data           1  os_core.o(.data)
    OSTime                                   0x20000080   Data           4  os_core.o(.data)
    OSTmrFree                                0x20000084   Data           2  os_core.o(.data)
    OSTmrUsed                                0x20000086   Data           2  os_core.o(.data)
    OSTmrTime                                0x20000088   Data           4  os_core.o(.data)
    OSTmrSem                                 0x2000008c   Data           4  os_core.o(.data)
    OSTmrSemSignal                           0x20000090   Data           4  os_core.o(.data)
    OSTmrFreeList                            0x20000094   Data           4  os_core.o(.data)
    OS_CPU_ExceptStkBase                     0x20000098   Data           4  os_cpu_c.o(.data)
    OS_KA_BASEPRI_Boundary                   0x200000a0   Data           4  os_cpu_c.o(.data)
    i                                        0x200000a4   Data           4  receiver.o(.data)
    SEGGER_SYSVIEW_TickCnt                   0x200000a8   Data           4  segger_sysview.o(.data)
    SEGGER_SYSVIEW_InterruptId               0x200000ac   Data           4  segger_sysview.o(.data)
    TASK_STK                                 0x200000d0   Data        8192  main .o(.bss)
    GY86_TASK_STK                            0x200020d0   Data        8192  main .o(.bss)
    Anto_TASK_STK                            0x200040d0   Data        8192  main .o(.bss)
    PID_TASK_STK                             0x200060d0   Data        8192  main .o(.bss)
    OLED_TASK_STK                            0x200080d0   Data        8192  main .o(.bss)
    gy86_data                                0x2000a0d0   Data          36  main .o(.bss)
    offset_a                                 0x2000a0f4   Data          12  main .o(.bss)
    offset_m                                 0x2000a100   Data          12  main .o(.bss)
    offset_g                                 0x2000a10c   Data          12  main .o(.bss)
    scale_a                                  0x2000a118   Data          12  main .o(.bss)
    scale_m                                  0x2000a124   Data          12  main .o(.bss)
    quaternion_data                          0x2000a130   Data          32  main .o(.bss)
    PPM_data                                 0x2000a150   Data          32  main .o(.bss)
    OSEventTbl                               0x2000a170   Data         240  os_core.o(.bss)
    OSFlagTbl                                0x2000a260   Data          80  os_core.o(.bss)
    OSTaskStatStk                            0x2000a2b0   Data         512  os_core.o(.bss)
    OSTaskIdleStk                            0x2000a4b0   Data         512  os_core.o(.bss)
    OSTCBPrioTbl                             0x2000a6b0   Data         256  os_core.o(.bss)
    OSTCBTbl                                 0x2000a7b0   Data        2024  os_core.o(.bss)
    OSMemTbl                                 0x2000af98   Data         120  os_core.o(.bss)
    OSQTbl                                   0x2000b010   Data          96  os_core.o(.bss)
    OSTmrTbl                                 0x2000b070   Data         640  os_core.o(.bss)
    OSTmrTaskStk                             0x2000b2f0   Data         512  os_core.o(.bss)
    OSTmrWheelTbl                            0x2000b4f0   Data          56  os_core.o(.bss)
    OS_CPU_ExceptStk                         0x2000b528   Data        1024  os_cpu_c.o(.bss)
    DataToSend                               0x2000b928   Data         100  anto.o(.bss)
    outerPitch                               0x2000b98c   Data          32  pid.o(.bss)
    outerRoll                                0x2000b9ac   Data          32  pid.o(.bss)
    outerHeight                              0x2000b9cc   Data          32  pid.o(.bss)
    innerPitch                               0x2000b9ec   Data          32  pid.o(.bss)
    innerRoll                                0x2000ba0c   Data          32  pid.o(.bss)
    innerYaw                                 0x2000ba2c   Data          32  pid.o(.bss)
    outerYaw                                 0x2000ba4c   Data          32  pid.o(.bss)
    _SEGGER_RTT                              0x2000ba6c   Data         168  segger_rtt.o(.bss)
    __initial_sp                             0x2000e8b0   Data           0  startup_stm32f401xx.o(STACK)



==============================================================================

Memory Map of the image

  Image Entry point : 0x08000195

  Load Region LR_IROM1 (Base: 0x08000000, Size: 0x00008700, Max: 0x00080000, ABSOLUTE)

    Execution Region ER_IROM1 (Exec base: 0x08000000, Load base: 0x08000000, Size: 0x00008634, Max: 0x00080000, ABSOLUTE)

    Exec Addr    Load Addr    Size         Type   Attr      Idx    E Section Name        Object

    0x08000000   0x08000000   0x00000194   Data   RO          126    RESET               startup_stm32f401xx.o
    0x08000194   0x08000194   0x00000000   Code   RO         7958  * .ARM.Collect$$$$00000000  mc_w.l(entry.o)
    0x08000194   0x08000194   0x00000004   Code   RO         8277    .ARM.Collect$$$$00000001  mc_w.l(entry2.o)
    0x08000198   0x08000198   0x00000004   Code   RO         8280    .ARM.Collect$$$$00000004  mc_w.l(entry5.o)
    0x0800019c   0x0800019c   0x00000000   Code   RO         8282    .ARM.Collect$$$$00000008  mc_w.l(entry7b.o)
    0x0800019c   0x0800019c   0x00000000   Code   RO         8284    .ARM.Collect$$$$0000000A  mc_w.l(entry8b.o)
    0x0800019c   0x0800019c   0x00000008   Code   RO         8285    .ARM.Collect$$$$0000000B  mc_w.l(entry9a.o)
    0x080001a4   0x080001a4   0x00000000   Code   RO         8287    .ARM.Collect$$$$0000000D  mc_w.l(entry10a.o)
    0x080001a4   0x080001a4   0x00000000   Code   RO         8289    .ARM.Collect$$$$0000000F  mc_w.l(entry11a.o)
    0x080001a4   0x080001a4   0x00000004   Code   RO         8278    .ARM.Collect$$$$00002712  mc_w.l(entry2.o)
    0x080001a8   0x080001a8   0x00000024   Code   RO          127    .text               startup_stm32f401xx.o
    0x080001cc   0x080001cc   0x00000134   Code   RO         5965    .text               os_cpu_a.o
    0x08000300   0x08000300   0x00000024   Code   RO         7961    .text               mc_w.l(memcpya.o)
    0x08000324   0x08000324   0x00000024   Code   RO         7963    .text               mc_w.l(memseta.o)
    0x08000348   0x08000348   0x0000014e   Code   RO         8230    .text               mf_w.l(dadd.o)
    0x08000496   0x08000496   0x000000e4   Code   RO         8232    .text               mf_w.l(dmul.o)
    0x0800057a   0x0800057a   0x000000de   Code   RO         8234    .text               mf_w.l(ddiv.o)
    0x08000658   0x08000658   0x00000022   Code   RO         8238    .text               mf_w.l(dflti.o)
    0x0800067a   0x0800067a   0x00000032   Code   RO         8242    .text               mf_w.l(dfixui.o)
    0x080006ac   0x080006ac   0x00000026   Code   RO         8244    .text               mf_w.l(f2d.o)
    0x080006d2   0x080006d2   0x00000002   PAD
    0x080006d4   0x080006d4   0x00000030   Code   RO         8246    .text               mf_w.l(cdcmple.o)
    0x08000704   0x08000704   0x00000030   Code   RO         8248    .text               mf_w.l(cdrcmple.o)
    0x08000734   0x08000734   0x00000038   Code   RO         8250    .text               mf_w.l(d2f.o)
    0x0800076c   0x0800076c   0x0000001e   Code   RO         8298    .text               mc_w.l(llshl.o)
    0x0800078a   0x0800078a   0x00000020   Code   RO         8300    .text               mc_w.l(llushr.o)
    0x080007aa   0x080007aa   0x00000024   Code   RO         8302    .text               mc_w.l(llsshr.o)
    0x080007ce   0x080007ce   0x00000000   Code   RO         8311    .text               mc_w.l(iusefp.o)
    0x080007ce   0x080007ce   0x0000006e   Code   RO         8312    .text               mf_w.l(fepilogue.o)
    0x0800083c   0x0800083c   0x000000ba   Code   RO         8314    .text               mf_w.l(depilogue.o)
    0x080008f6   0x080008f6   0x000000a2   Code   RO         8316    .text               mf_w.l(dsqrt.o)
    0x08000998   0x08000998   0x00000024   Code   RO         8320    .text               mc_w.l(init.o)
    0x080009bc   0x080009bc   0x000000c4   Code   RO         6300    i.ANO_Send03        anto.o
    0x08000a80   0x08000a80   0x00000002   Code   RO         6069    i.App_TCBInitHook   app_hooks.o
    0x08000a82   0x08000a82   0x00000002   Code   RO         6070    i.App_TaskCreateHook  app_hooks.o
    0x08000a84   0x08000a84   0x00000002   Code   RO         6071    i.App_TaskDelHook   app_hooks.o
    0x08000a86   0x08000a86   0x00000002   Code   RO         6072    i.App_TaskIdleHook  app_hooks.o
    0x08000a88   0x08000a88   0x00000002   Code   RO         6073    i.App_TaskReturnHook  app_hooks.o
    0x08000a8a   0x08000a8a   0x00000002   Code   RO         6074    i.App_TaskStatHook  app_hooks.o
    0x08000a8c   0x08000a8c   0x00000002   Code   RO         6075    i.App_TaskSwHook    app_hooks.o
    0x08000a8e   0x08000a8e   0x00000002   Code   RO         6076    i.App_TimeTickHook  app_hooks.o
    0x08000a90   0x08000a90   0x00000004   Code   RO          134    i.BusFault_Handler  stm32f4xx_it.o
    0x08000a94   0x08000a94   0x00000002   Code   RO          135    i.DebugMon_Handler  stm32f4xx_it.o
    0x08000a96   0x08000a96   0x00000002   PAD
    0x08000a98   0x08000a98   0x00000068   Code   RO         6434    i.Expect_Angle_Calc  pid.o
    0x08000b00   0x08000b00   0x00000090   Code   RO         2087    i.GPIO_Init         stm32f4xx_gpio.o
    0x08000b90   0x08000b90   0x00000046   Code   RO         2088    i.GPIO_PinAFConfig  stm32f4xx_gpio.o
    0x08000bd6   0x08000bd6   0x00000012   Code   RO         2091    i.GPIO_ReadInputDataBit  stm32f4xx_gpio.o
    0x08000be8   0x08000be8   0x0000000c   Code   RO         2099    i.GPIO_WriteBit     stm32f4xx_gpio.o
    0x08000bf4   0x08000bf4   0x000000fc   Code   RO         6603    i.GY86_GetData      gy86.o
    0x08000cf0   0x08000cf0   0x0000000c   Code   RO         6604    i.GY86_Init         gy86.o
    0x08000cfc   0x08000cfc   0x0000001e   Code   RO         6660    i.HMC5883L_GetData  hmc5883l.o
    0x08000d1a   0x08000d1a   0x0000001c   Code   RO         6661    i.HMC5883L_Init     hmc5883l.o
    0x08000d36   0x08000d36   0x0000004e   Code   RO         6664    i.HMC5883L_ReadTwoReg  hmc5883l.o
    0x08000d84   0x08000d84   0x0000002e   Code   RO         6665    i.HMC5883L_WriteReg  hmc5883l.o
    0x08000db2   0x08000db2   0x00000004   Code   RO          136    i.HardFault_Handler  stm32f4xx_it.o
    0x08000db6   0x08000db6   0x00000002   PAD
    0x08000db8   0x08000db8   0x000000dc   Code   RO         6524    i.IC_Init           receiver.o
    0x08000e94   0x08000e94   0x000001c8   Code   RO         6605    i.IMU_Correct       gy86.o
    0x0800105c   0x0800105c   0x000000ee   Code   RO         6606    i.IMU_Task          gy86.o
    0x0800114a   0x0800114a   0x00000036   Code   RO         6725    i.MPU6050_GetData   mpu.o
    0x08001180   0x08001180   0x00000048   Code   RO         6727    i.MPU6050_Init      mpu.o
    0x080011c8   0x080011c8   0x0000004e   Code   RO         6730    i.MPU6050_ReadTwoReg  mpu.o
    0x08001216   0x08001216   0x0000002e   Code   RO         6731    i.MPU6050_WriteReg  mpu.o
    0x08001244   0x08001244   0x00000b44   Code   RO         6350    i.MadgwickAHRSupdate  madgwick.o
    0x08001d88   0x08001d88   0x00000004   Code   RO          137    i.MemManage_Handler  stm32f4xx_it.o
    0x08001d8c   0x08001d8c   0x00000140   Code   RO         6435    i.Motor_Calc        pid.o
    0x08001ecc   0x08001ecc   0x00000008   Code   RO         6485    i.Motor_Init        motor.o
    0x08001ed4   0x08001ed4   0x00000038   Code   RO         6486    i.Motor_OUT         motor.o
    0x08001f0c   0x08001f0c   0x0000006c   Code   RO         6797    i.MyI2C_Init        myi2c.o
    0x08001f78   0x08001f78   0x00000038   Code   RO         6798    i.MyI2C_ReceiveAck  myi2c.o
    0x08001fb0   0x08001fb0   0x0000004c   Code   RO         6799    i.MyI2C_ReceiveByte  myi2c.o
    0x08001ffc   0x08001ffc   0x0000002c   Code   RO         6800    i.MyI2C_SendAck     myi2c.o
    0x08002028   0x08002028   0x00000040   Code   RO         6801    i.MyI2C_SendByte    myi2c.o
    0x08002068   0x08002068   0x00000034   Code   RO         6802    i.MyI2C_Start       myi2c.o
    0x0800209c   0x0800209c   0x00000028   Code   RO         6803    i.MyI2C_Stop        myi2c.o
    0x080020c4   0x080020c4   0x00000124   Code   RO         6198    i.My_USART1_Init    usart.o
    0x080021e8   0x080021e8   0x00000002   Code   RO          138    i.NMI_Handler       stm32f4xx_it.o
    0x080021ea   0x080021ea   0x0000002a   Code   RO         6857    i.OLED_Clear        oled.o
    0x08002214   0x08002214   0x0000004c   Code   RO         6858    i.OLED_I2C_Init     oled.o
    0x08002260   0x08002260   0x00000050   Code   RO         6859    i.OLED_I2C_SendByte  oled.o
    0x080022b0   0x080022b0   0x00000030   Code   RO         6860    i.OLED_I2C_Start    oled.o
    0x080022e0   0x080022e0   0x00000028   Code   RO         6861    i.OLED_I2C_Stop     oled.o
    0x08002308   0x08002308   0x000000ae   Code   RO         6862    i.OLED_Init         oled.o
    0x080023b6   0x080023b6   0x00000014   Code   RO         6863    i.OLED_Pow          oled.o
    0x080023ca   0x080023ca   0x00000022   Code   RO         6864    i.OLED_SetCursor    oled.o
    0x080023ec   0x080023ec   0x00000074   Code   RO         6866    i.OLED_ShowChar     oled.o
    0x08002460   0x08002460   0x00000044   Code   RO         6870    i.OLED_ShowNum      oled.o
    0x080024a4   0x080024a4   0x00000020   Code   RO         6873    i.OLED_WriteCommand  oled.o
    0x080024c4   0x080024c4   0x00000020   Code   RO         6874    i.OLED_WriteData    oled.o
    0x080024e4   0x080024e4   0x0000015c   Code   RO         5365    i.OSDebugInit       os_dbg_r.o
    0x08002640   0x08002640   0x00000080   Code   RO         5155    i.OSEventNameSet    os_core.o
    0x080026c0   0x080026c0   0x00000038   Code   RO         5157    i.OSInit            os_core.o
    0x080026f8   0x080026f8   0x0000005c   Code   RO         5968    i.OSInitHookBegin   os_cpu_c.o
    0x08002754   0x08002754   0x00000002   Code   RO         5969    i.OSInitHookEnd     os_cpu_c.o
    0x08002756   0x08002756   0x00000002   PAD
    0x08002758   0x08002758   0x0000002c   Code   RO         5158    i.OSIntEnter        os_core.o
    0x08002784   0x08002784   0x000000b0   Code   RO         5159    i.OSIntExit         os_core.o
    0x08002834   0x08002834   0x000000d0   Code   RO         5565    i.OSMutexCreate     os_mutex.o
    0x08002904   0x08002904   0x00000288   Code   RO         5567    i.OSMutexPend       os_mutex.o
    0x08002b8c   0x08002b8c   0x00000100   Code   RO         5568    i.OSMutexPost       os_mutex.o
    0x08002c8c   0x08002c8c   0x00000094   Code   RO         5570    i.OSMutex_RdyAtPrio  os_mutex.o
    0x08002d20   0x08002d20   0x00000048   Code   RO         5160    i.OSSchedLock       os_core.o
    0x08002d68   0x08002d68   0x00000070   Code   RO         5161    i.OSSchedUnlock     os_core.o
    0x08002dd8   0x08002dd8   0x00000068   Code   RO         5684    i.OSSemCreate       os_sem.o
    0x08002e40   0x08002e40   0x00000118   Code   RO         5686    i.OSSemPend         os_sem.o
    0x08002f58   0x08002f58   0x00000070   Code   RO         5688    i.OSSemPost         os_sem.o
    0x08002fc8   0x08002fc8   0x00000048   Code   RO         5162    i.OSStart           os_core.o
    0x08003010   0x08003010   0x0000000c   Code   RO         5970    i.OSTCBInitHook     os_cpu_c.o
    0x0800301c   0x0800301c   0x00000114   Code   RO         5738    i.OSTaskCreate      os_task.o
    0x08003130   0x08003130   0x00000128   Code   RO         5739    i.OSTaskCreateExt   os_task.o
    0x08003258   0x08003258   0x0000000c   Code   RO         5971    i.OSTaskCreateHook  os_cpu_c.o
    0x08003264   0x08003264   0x00000190   Code   RO         5740    i.OSTaskDel         os_task.o
    0x080033f4   0x080033f4   0x0000000c   Code   RO         5972    i.OSTaskDelHook     os_cpu_c.o
    0x08003400   0x08003400   0x00000008   Code   RO         5973    i.OSTaskIdleHook    os_cpu_c.o
    0x08003408   0x08003408   0x000000ac   Code   RO         5743    i.OSTaskNameSet     os_task.o
    0x080034b4   0x080034b4   0x0000000c   Code   RO         5974    i.OSTaskReturnHook  os_cpu_c.o
    0x080034c0   0x080034c0   0x00000008   Code   RO         5975    i.OSTaskStatHook    os_cpu_c.o
    0x080034c8   0x080034c8   0x000000b0   Code   RO         5749    i.OSTaskStkChk      os_task.o
    0x08003578   0x08003578   0x00000228   Code   RO         5976    i.OSTaskStkInit     os_cpu_c.o
    0x080037a0   0x080037a0   0x000000d4   Code   RO         5750    i.OSTaskSuspend     os_task.o
    0x08003874   0x08003874   0x0000002c   Code   RO         5977    i.OSTaskSwHook      os_cpu_c.o
    0x080038a0   0x080038a0   0x0000008c   Code   RO         5839    i.OSTimeDly         os_time.o
    0x0800392c   0x0800392c   0x00000084   Code   RO         5840    i.OSTimeDlyHMSM     os_time.o
    0x080039b0   0x080039b0   0x00000028   Code   RO         5842    i.OSTimeGet         os_time.o
    0x080039d8   0x080039d8   0x00000110   Code   RO         5164    i.OSTimeTick        os_core.o
    0x08003ae8   0x08003ae8   0x00000028   Code   RO         5978    i.OSTimeTickHook    os_cpu_c.o
    0x08003b10   0x08003b10   0x00000014   Code   RO         5879    i.OSTmrSignal       os_tmr.o
    0x08003b24   0x08003b24   0x000000f4   Code   RO         5885    i.OSTmr_Init        os_tmr.o
    0x08003c18   0x08003c18   0x00000050   Code   RO         5886    i.OSTmr_InitTask    os_tmr.o
    0x08003c68   0x08003c68   0x00000074   Code   RO         5887    i.OSTmr_Link        os_tmr.o
    0x08003cdc   0x08003cdc   0x00000084   Code   RO         5888    i.OSTmr_Task        os_tmr.o
    0x08003d60   0x08003d60   0x00000048   Code   RO         5889    i.OSTmr_Unlink      os_tmr.o
    0x08003da8   0x08003da8   0x00000026   Code   RO         5979    i.OS_CPU_SysTickHandler  os_cpu_c.o
    0x08003dce   0x08003dce   0x00000002   PAD
    0x08003dd0   0x08003dd0   0x00000038   Code   RO         5980    i.OS_CPU_SysTickInit  os_cpu_c.o
    0x08003e08   0x08003e08   0x00000012   Code   RO         5981    i.OS_CPU_SysTickInitFreq  os_cpu_c.o
    0x08003e1a   0x08003e1a   0x00000002   Code   RO         5166    i.OS_Dummy          os_core.o
    0x08003e1c   0x08003e1c   0x0000009c   Code   RO         5167    i.OS_EventTaskRdy   os_core.o
    0x08003eb8   0x08003eb8   0x0000002e   Code   RO         5168    i.OS_EventTaskRemove  os_core.o
    0x08003ee6   0x08003ee6   0x0000003a   Code   RO         5169    i.OS_EventTaskRemoveMulti  os_core.o
    0x08003f20   0x08003f20   0x00000088   Code   RO         5170    i.OS_EventTaskWait  os_core.o
    0x08003fa8   0x08003fa8   0x0000001c   Code   RO         5172    i.OS_EventWaitListInit  os_core.o
    0x08003fc4   0x08003fc4   0x00000058   Code   RO         5390    i.OS_FlagInit       os_flag.o
    0x0800401c   0x0800401c   0x00000024   Code   RO         5392    i.OS_FlagUnlink     os_flag.o
    0x08004040   0x08004040   0x00000060   Code   RO         5173    i.OS_InitEventList  os_core.o
    0x080040a0   0x080040a0   0x0000005c   Code   RO         5174    i.OS_InitMisc       os_core.o
    0x080040fc   0x080040fc   0x00000044   Code   RO         5175    i.OS_InitRdyList    os_core.o
    0x08004140   0x08004140   0x00000080   Code   RO         5176    i.OS_InitTCBList    os_core.o
    0x080041c0   0x080041c0   0x00000050   Code   RO         5177    i.OS_InitTaskIdle   os_core.o
    0x08004210   0x08004210   0x00000050   Code   RO         5178    i.OS_InitTaskStat   os_core.o
    0x08004260   0x08004260   0x00000012   Code   RO         5179    i.OS_MemClr         os_core.o
    0x08004272   0x08004272   0x00000002   PAD
    0x08004274   0x08004274   0x00000058   Code   RO         5522    i.OS_MemInit        os_mem.o
    0x080042cc   0x080042cc   0x00000050   Code   RO         5621    i.OS_QInit          os_q.o
    0x0800431c   0x0800431c   0x00000080   Code   RO         5181    i.OS_Sched          os_core.o
    0x0800439c   0x0800439c   0x0000002c   Code   RO         5182    i.OS_SchedNew       os_core.o
    0x080043c8   0x080043c8   0x0000016c   Code   RO         5184    i.OS_TCBInit        os_core.o
    0x08004534   0x08004534   0x00000030   Code   RO         5185    i.OS_TaskIdle       os_core.o
    0x08004564   0x08004564   0x00000018   Code   RO         5751    i.OS_TaskReturn     os_task.o
    0x0800457c   0x0800457c   0x000000f0   Code   RO         5186    i.OS_TaskStat       os_core.o
    0x0800466c   0x0800466c   0x0000003c   Code   RO         5187    i.OS_TaskStatStkChk  os_core.o
    0x080046a8   0x080046a8   0x0000001a   Code   RO         5752    i.OS_TaskStkClr     os_task.o
    0x080046c2   0x080046c2   0x00000002   PAD
    0x080046c4   0x080046c4   0x00000100   Code   RO         6436    i.PID_Calc          pid.o
    0x080047c4   0x080047c4   0x000000e4   Code   RO         6437    i.PID_Init          pid.o
    0x080048a8   0x080048a8   0x00000100   Code   RO         6165    i.PWM_Init          pwm.o
    0x080049a8   0x080049a8   0x00000012   Code   RO         6381    i.Quater_Init       quaternion.o
    0x080049ba   0x080049ba   0x00000002   PAD
    0x080049bc   0x080049bc   0x00000020   Code   RO         3028    i.RCC_AHB1PeriphClockCmd  stm32f4xx_rcc.o
    0x080049dc   0x080049dc   0x000000e8   Code   RO         3046    i.RCC_GetClocksFreq  stm32f4xx_rcc.o
    0x08004ac4   0x08004ac4   0x000000c8   Code   RO         7023    i.SEGGER_RTT_AllocUpBuffer  segger_rtt.o
    0x08004b8c   0x08004b8c   0x00000078   Code   RO         7024    i.SEGGER_RTT_ConfigDownBuffer  segger_rtt.o
    0x08004c04   0x08004c04   0x000000ac   Code   RO         7037    i.SEGGER_RTT_ReadNoLock  segger_rtt.o
    0x08004cb0   0x08004cb0   0x000000a0   Code   RO         7051    i.SEGGER_RTT_WriteSkipNoLock  segger_rtt.o
    0x08004d50   0x08004d50   0x0000002c   Code   RO         6989    i.SEGGER_SYSVIEW_Conf  segger_sysview_config_ucosii.o
    0x08004d7c   0x08004d7c   0x000000bc   Code   RO         7266    i.SEGGER_SYSVIEW_GetSysDesc  segger_sysview.o
    0x08004e38   0x08004e38   0x00000068   Code   RO         7271    i.SEGGER_SYSVIEW_Init  segger_sysview.o
    0x08004ea0   0x08004ea0   0x00000070   Code   RO         7277    i.SEGGER_SYSVIEW_NameResource  segger_sysview.o
    0x08004f10   0x08004f10   0x00000034   Code   RO         7278    i.SEGGER_SYSVIEW_OnIdle  segger_sysview.o
    0x08004f44   0x08004f44   0x00000064   Code   RO         7279    i.SEGGER_SYSVIEW_OnTaskCreate  segger_sysview.o
    0x08004fa8   0x08004fa8   0x00000064   Code   RO         7280    i.SEGGER_SYSVIEW_OnTaskStartExec  segger_sysview.o
    0x0800500c   0x0800500c   0x00000064   Code   RO         7281    i.SEGGER_SYSVIEW_OnTaskStartReady  segger_sysview.o
    0x08005070   0x08005070   0x00000084   Code   RO         7283    i.SEGGER_SYSVIEW_OnTaskStopReady  segger_sysview.o
    0x080050f4   0x080050f4   0x00000064   Code   RO         7292    i.SEGGER_SYSVIEW_RecordEnterISR  segger_sysview.o
    0x08005158   0x08005158   0x00000034   Code   RO         7294    i.SEGGER_SYSVIEW_RecordExitISR  segger_sysview.o
    0x0800518c   0x0800518c   0x00000034   Code   RO         7295    i.SEGGER_SYSVIEW_RecordExitISRToScheduler  segger_sysview.o
    0x080051c0   0x080051c0   0x0000003c   Code   RO         7299    i.SEGGER_SYSVIEW_RecordSystime  segger_sysview.o
    0x080051fc   0x080051fc   0x0000005c   Code   RO         7300    i.SEGGER_SYSVIEW_RecordU32  segger_sysview.o
    0x08005258   0x08005258   0x0000007c   Code   RO         7302    i.SEGGER_SYSVIEW_RecordU32x2  segger_sysview.o
    0x080052d4   0x080052d4   0x00000038   Code   RO         7310    i.SEGGER_SYSVIEW_RecordVoid  segger_sysview.o
    0x0800530c   0x0800530c   0x000000b4   Code   RO         7312    i.SEGGER_SYSVIEW_SendModule  segger_sysview.o
    0x080053c0   0x080053c0   0x00000024   Code   RO         7313    i.SEGGER_SYSVIEW_SendModuleDescription  segger_sysview.o
    0x080053e4   0x080053e4   0x00000058   Code   RO         7314    i.SEGGER_SYSVIEW_SendNumModules  segger_sysview.o
    0x0800543c   0x0800543c   0x00000048   Code   RO         7316    i.SEGGER_SYSVIEW_SendSysDesc  segger_sysview.o
    0x08005484   0x08005484   0x0000010c   Code   RO         7317    i.SEGGER_SYSVIEW_SendTaskInfo  segger_sysview.o
    0x08005590   0x08005590   0x00000020   Code   RO         7318    i.SEGGER_SYSVIEW_SendTaskList  segger_sysview.o
    0x080055b0   0x080055b0   0x0000000c   Code   RO         7319    i.SEGGER_SYSVIEW_SetRAMBase  segger_sysview.o
    0x080055bc   0x080055bc   0x00000010   Code   RO         7320    i.SEGGER_SYSVIEW_ShrinkId  segger_sysview.o
    0x080055cc   0x080055cc   0x000000fc   Code   RO         7321    i.SEGGER_SYSVIEW_Start  segger_sysview.o
    0x080056c8   0x080056c8   0x00000044   Code   RO         7322    i.SEGGER_SYSVIEW_Stop  segger_sysview.o
    0x0800570c   0x0800570c   0x00000080   Code   RO         7331    i.SEGGER_SYSVIEW_Warn  segger_sysview.o
    0x0800578c   0x0800578c   0x00000002   Code   RO          139    i.SVC_Handler       stm32f4xx_it.o
    0x0800578e   0x0800578e   0x0000000e   Code   RO         6990    i.SYSCLK_FreqGet    segger_sysview_config_ucosii.o
    0x0800579c   0x0800579c   0x000000a4   Code   RO         7812    i.SYSVIEW_AddTask   segger_sysview_ucosii.o
    0x08005840   0x08005840   0x0000007c   Code   RO         7813    i.SYSVIEW_RecordU32Register  segger_sysview_ucosii.o
    0x080058bc   0x080058bc   0x00000050   Code   RO         7816    i.SYSVIEW_SendResourceList  segger_sysview_ucosii.o
    0x0800590c   0x0800590c   0x00000032   Code   RO         7817    i.SYSVIEW_SendTaskInfo  segger_sysview_ucosii.o
    0x0800593e   0x0800593e   0x00000002   PAD
    0x08005940   0x08005940   0x0000001c   Code   RO         7818    i.SYSVIEW_TaskReady  segger_sysview_ucosii.o
    0x0800595c   0x0800595c   0x0000001c   Code   RO         7819    i.SYSVIEW_TaskSuspend  segger_sysview_ucosii.o
    0x08005978   0x08005978   0x00000020   Code   RO         7820    i.SYSVIEW_TaskSwitchedIn  segger_sysview_ucosii.o
    0x08005998   0x08005998   0x0000005c   Code   RO         7821    i.SYSVIEW_UpdateResource  segger_sysview_ucosii.o
    0x080059f4   0x080059f4   0x0000009c   Code   RO         7822    i.SYSVIEW_UpdateTask  segger_sysview_ucosii.o
    0x08005a90   0x08005a90   0x0000001c   Code   RO         6302    i.SendByte          anto.o
    0x08005aac   0x08005aac   0x00000008   Code   RO         6559    i.Serial_Init       serial.o
    0x08005ab4   0x08005ab4   0x000000e8   Code   RO            4    i.SetSysClock       system_stm32f4xx.o
    0x08005b9c   0x08005b9c   0x00000048   Code   RO         6438    i.Single_PID_Init   pid.o
    0x08005be4   0x08005be4   0x00000424   Code   RO         6235    i.Step_Grad         acc.o
    0x08006008   0x08006008   0x00000068   Code   RO            6    i.SystemInit        system_stm32f4xx.o
    0x08006070   0x08006070   0x0000014c   Code   RO         6525    i.TIM1_CC_IRQHandler  receiver.o
    0x080061bc   0x080061bc   0x0000007c   Code   RO         4378    i.TIM_OC1Init       stm32f4xx_tim.o
    0x08006238   0x08006238   0x000000a4   Code   RO         4383    i.TIM_OC2Init       stm32f4xx_tim.o
    0x080062dc   0x080062dc   0x000000a0   Code   RO         4388    i.TIM_OC3Init       stm32f4xx_tim.o
    0x0800637c   0x0800637c   0x00000078   Code   RO         4393    i.TIM_OC4Init       stm32f4xx_tim.o
    0x080063f4   0x080063f4   0x00000014   Code   RO         4396    i.TIM_OCStructInit  stm32f4xx_tim.o
    0x08006408   0x08006408   0x00000084   Code   RO         4421    i.TIM_TimeBaseInit  stm32f4xx_tim.o
    0x0800648c   0x0800648c   0x00000088   Code   RO          201    i.Task_Anto         main .o
    0x08006514   0x08006514   0x00000078   Code   RO          202    i.Task_GY86         main .o
    0x0800658c   0x0800658c   0x00000230   Code   RO          203    i.Task_OLED         main .o
    0x080067bc   0x080067bc   0x000000e0   Code   RO          204    i.Task_PID          main .o
    0x0800689c   0x0800689c   0x0000013c   Code   RO          205    i.Task_Start        main .o
    0x080069d8   0x080069d8   0x0000002c   Code   RO         6199    i.USART1_IRQHandler  usart.o
    0x08006a04   0x08006a04   0x0000001a   Code   RO         4906    i.USART_GetFlagStatus  stm32f4xx_usart.o
    0x08006a1e   0x08006a1e   0x00000002   PAD
    0x08006a20   0x08006a20   0x0000001c   Code   RO         6200    i.USART_SendByte    usart.o
    0x08006a3c   0x08006a3c   0x00000004   Code   RO          140    i.UsageFault_Handler  stm32f4xx_it.o
    0x08006a40   0x08006a40   0x00000070   Code   RO         7054    i._DoInit           segger_rtt.o
    0x08006ab0   0x08006ab0   0x0000002c   Code   RO         7335    i._EncodeStr        segger_sysview.o
    0x08006adc   0x08006adc   0x000000a8   Code   RO         7336    i._HandleIncomingPacket  segger_sysview.o
    0x08006b84   0x08006b84   0x00000006   Code   RO         7337    i._PreparePacket    segger_sysview.o
    0x08006b8a   0x08006b8a   0x00000002   PAD
    0x08006b8c   0x08006b8c   0x000001e0   Code   RO         7340    i._SendPacket       segger_sysview.o
    0x08006d6c   0x08006d6c   0x00000088   Code   RO         7342    i._TrySendOverflowPacket  segger_sysview.o
    0x08006df4   0x08006df4   0x00000030   Code   RO         8272    i.__ARM_fpclassify  m_wm.l(fpclassify.o)
    0x08006e24   0x08006e24   0x00000004   PAD
    0x08006e28   0x08006e28   0x00000360   Code   RO         7906    i.__hardfp_asin     m_wm.l(asin.o)
    0x08007188   0x08007188   0x000002d8   Code   RO         7920    i.__hardfp_atan     m_wm.l(atan.o)
    0x08007460   0x08007460   0x000001f0   Code   RO         7934    i.__hardfp_atan2    m_wm.l(atan2.o)
    0x08007650   0x08007650   0x0000007a   Code   RO         7946    i.__hardfp_sqrt     m_wm.l(sqrt.o)
    0x080076ca   0x080076ca   0x000000f8   Code   RO         8274    i.__kernel_poly     m_wm.l(poly.o)
    0x080077c2   0x080077c2   0x00000014   Code   RO         8253    i.__mathlib_dbl_infnan  m_wm.l(dunder.o)
    0x080077d6   0x080077d6   0x00000014   Code   RO         8254    i.__mathlib_dbl_infnan2  m_wm.l(dunder.o)
    0x080077ea   0x080077ea   0x00000006   PAD
    0x080077f0   0x080077f0   0x00000020   Code   RO         8255    i.__mathlib_dbl_invalid  m_wm.l(dunder.o)
    0x08007810   0x08007810   0x00000020   Code   RO         8258    i.__mathlib_dbl_underflow  m_wm.l(dunder.o)
    0x08007830   0x08007830   0x0000000e   Code   RO         8326    i.__scatterload_copy  mc_w.l(handlers.o)
    0x0800783e   0x0800783e   0x00000002   Code   RO         8327    i.__scatterload_null  mc_w.l(handlers.o)
    0x08007840   0x08007840   0x0000000e   Code   RO         8328    i.__scatterload_zeroinit  mc_w.l(handlers.o)
    0x0800784e   0x0800784e   0x00000002   PAD
    0x08007850   0x08007850   0x0000000c   Code   RO         8306    i.__set_errno       mc_w.l(errno.o)
    0x0800785c   0x0800785c   0x00000014   Code   RO         7823    i._cbGetTime        segger_sysview_ucosii.o
    0x08007870   0x08007870   0x00000054   Code   RO         6991    i._cbSendSystemDesc  segger_sysview_config_ucosii.o
    0x080078c4   0x080078c4   0x00000054   Code   RO         7824    i._cbSendTaskList   segger_sysview_ucosii.o
    0x08007918   0x08007918   0x00000010   Code   RO         7922    i.atan              m_wm.l(atan.o)
    0x08007928   0x08007928   0x0000007e   Code   RO         6236    i.compute_error     acc.o
    0x080079a6   0x080079a6   0x00000018   Code   RO         8268    i.fabs              m_wm.l(fabs.o)
    0x080079be   0x080079be   0x00000002   PAD
    0x080079c0   0x080079c0   0x00000194   Code   RO         6237    i.gradientDescent   acc.o
    0x08007b54   0x08007b54   0x0000003c   Code   RO         6351    i.invSqrt           madgwick.o
    0x08007b90   0x08007b90   0x00000030   Code   RO          206    i.main              main .o
    0x08007bc0   0x08007bc0   0x0000006e   Code   RO         7948    i.sqrt              m_wm.l(sqrt.o)
    0x08007c2e   0x08007c2e   0x00000002   PAD
    0x08007c30   0x08007c30   0x00000040   Code   RO         6303    i.usart_SendArray   anto.o
    0x08007c70   0x08007c70   0x0000005e   Code   RO         6238    i.vector_norm       acc.o
    0x08007cce   0x08007cce   0x00000100   Data   RO         5189    .constdata          os_core.o
    0x08007dce   0x08007dce   0x00000002   PAD
    0x08007dd0   0x08007dd0   0x00000076   Data   RO         5366    .constdata          os_dbg_r.o
    0x08007e46   0x08007e46   0x000005f0   Data   RO         6875    .constdata          oled.o
    0x08008436   0x08008436   0x00000021   Data   RO         7060    .constdata          segger_rtt.o
    0x08008457   0x08008457   0x0000001a   Data   RO         7346    .constdata          segger_sysview.o
    0x08008471   0x08008471   0x00000003   PAD
    0x08008474   0x08008474   0x00000008   Data   RO         7826    .constdata          segger_sysview_ucosii.o
    0x0800847c   0x0800847c   0x00000004   PAD
    0x08008480   0x08008480   0x00000050   Data   RO         7909    .constdata          m_wm.l(asin.o)
    0x080084d0   0x080084d0   0x00000098   Data   RO         7923    .constdata          m_wm.l(atan.o)
    0x08008568   0x08008568   0x00000008   Data   RO         8276    .constdata          m_wm.l(qnan.o)
    0x08008570   0x08008570   0x000000a4   Data   RO         7827    .conststring        segger_sysview_ucosii.o
    0x08008614   0x08008614   0x00000020   Data   RO         8324    Region$$Table       anon$$obj.o


    Execution Region RW_IRAM1 (Exec base: 0x20000000, Load base: 0x08008634, Size: 0x0000e8b0, Max: 0x00018000, ABSOLUTE)

    Exec Addr    Load Addr    Size         Type   Attr      Idx    E Section Name        Object

    0x20000000   0x08008634   0x00000024   Data   RW          208    .data               main .o
    0x20000024   0x08008658   0x00000010   Data   RW         3076    .data               stm32f4xx_rcc.o
    0x20000034   0x08008668   0x00000064   Data   RW         5190    .data               os_core.o
    0x20000098   0x080086cc   0x0000000c   Data   RW         5983    .data               os_cpu_c.o
    0x200000a4   0x080086d8   0x00000004   Data   RW         6526    .data               receiver.o
    0x200000a8   0x080086dc   0x00000015   Data   RW         7347    .data               segger_sysview.o
    0x200000bd   0x080086f1   0x00000003   PAD
    0x200000c0   0x080086f4   0x00000008   Data   RW         7828    .data               segger_sysview_ucosii.o
    0x200000c8   0x080086fc   0x00000004   Data   RW         8307    .data               mc_w.l(errno.o)
    0x200000cc   0x08008700   0x00000004   PAD
    0x200000d0        -       0x0000a0a0   Zero   RW          207    .bss                main .o
    0x2000a170        -       0x000013b8   Zero   RW         5188    .bss                os_core.o
    0x2000b528        -       0x00000400   Zero   RW         5982    .bss                os_cpu_c.o
    0x2000b928        -       0x00000064   Zero   RW         6304    .bss                anto.o
    0x2000b98c        -       0x000000e0   Zero   RW         6439    .bss                pid.o
    0x2000ba6c        -       0x000010b8   Zero   RW         7059    .bss                segger_rtt.o
    0x2000cb24        -       0x0000110b   Zero   RW         7345    .bss                segger_sysview.o
    0x2000dc2f   0x08008700   0x00000001   PAD
    0x2000dc30        -       0x00000880   Zero   RW         7825    .bss                segger_sysview_ucosii.o
    0x2000e4b0        -       0x00000400   Zero   RW          124    STACK               startup_stm32f401xx.o


==============================================================================

Image component sizes


      Code (inc. data)   RO Data    RW Data    ZI Data      Debug   Object Name

      1684         26          0          0          0       4616   acc.o
       288         14          0          0        100       2363   anto.o
        16          0          0          0          0       3516   app_hooks.o
       958         24          0          0          0       4574   gy86.o
       182          0          0          0          0       2661   hmc5883l.o
      2944         58          0          0          0       3931   madgwick.o
      1404        284          0         36      41120      21424   main .o
        64          6          0          0          0       1045   motor.o
       250          0          0          0          0       2757   mpu.o
       440         38          0          0          0       3508   myi2c.o
       762         26       1520          0          0       7127   oled.o
      2804        428        256        100       5048      24826   os_core.o
       308         34          0          0          0        320   os_cpu_a.o
       906        154          0         12       1024      17323   os_cpu_c.o
       348        230        118          0          0       3357   os_dbg_r.o
       124         14          0          0          0       1178   os_flag.o
        88         14          0          0          0        525   os_mem.o
      1260         72          0          0          0       3920   os_mutex.o
        80          8          0          0          0        551   os_q.o
       496         26          0          0          0       2410   os_sem.o
      1582        118          0          0          0       6832   os_task.o
       312         36          0          0          0       1944   os_time.o
       664        136          0          0          0       3767   os_tmr.o
       980        104          0          0        224       4919   pid.o
       256         14          0          0          0        671   pwm.o
        18          0          0          0          0        970   quaternion.o
       552         46          0          4          0       1235   receiver.o
       764         54         33          0       4280       9700   segger_rtt.o
      3410        236         26         21       4363      34251   segger_sysview.o
       142         74          0          0          0       1615   segger_sysview_config_ucosii.o
       858         82        172          8       2176       8689   segger_sysview_ucosii.o
         8          0          0          0          0        454   serial.o
        36          8        404          0       1024        912   startup_stm32f401xx.o
       244          0          0          0          0       3163   stm32f4xx_gpio.o
        22          0          0          0          0       3067   stm32f4xx_it.o
       264         24          0         16          0       3577   stm32f4xx_rcc.o
       720         66          0          0          0       4886   stm32f4xx_tim.o
        26          0          0          0          0       1374   stm32f4xx_usart.o
       336         32          0          0          0     260833   system_stm32f4xx.o
       364         40          0          0          0       1586   usart.o

    ----------------------------------------------------------------------
     26984       2526       2570        200      59360     466377   Object Totals
         0          0         32          0          0          0   (incl. Generated)
        20          0          9          3          1          0   (incl. Padding)

    ----------------------------------------------------------------------

      Code (inc. data)   RO Data    RW Data    ZI Data      Debug   Library Member Name

       864         94         80          0          0        280   asin.o
       744        106        152          0          0        352   atan.o
       496         64          0          0          0        192   atan2.o
       104         16          0          0          0        496   dunder.o
        24          0          0          0          0        124   fabs.o
        48          0          0          0          0        124   fpclassify.o
       248          0          0          0          0        152   poly.o
         0          0          8          0          0          0   qnan.o
       232          0          0          0          0        296   sqrt.o
         0          0          0          0          0          0   entry.o
         0          0          0          0          0          0   entry10a.o
         0          0          0          0          0          0   entry11a.o
         8          4          0          0          0          0   entry2.o
         4          0          0          0          0          0   entry5.o
         0          0          0          0          0          0   entry7b.o
         0          0          0          0          0          0   entry8b.o
         8          4          0          0          0          0   entry9a.o
        12          6          0          4          0         68   errno.o
        30          0          0          0          0          0   handlers.o
        36          8          0          0          0         68   init.o
         0          0          0          0          0          0   iusefp.o
        30          0          0          0          0         68   llshl.o
        36          0          0          0          0         68   llsshr.o
        32          0          0          0          0         68   llushr.o
        36          0          0          0          0         68   memcpya.o
        36          0          0          0          0        108   memseta.o
        48          0          0          0          0         68   cdcmple.o
        48          0          0          0          0         68   cdrcmple.o
        56          0          0          0          0         88   d2f.o
       334          0          0          0          0        148   dadd.o
       222          0          0          0          0        100   ddiv.o
       186          0          0          0          0        176   depilogue.o
        50          0          0          0          0         76   dfixui.o
        34          0          0          0          0         76   dflti.o
       228          0          0          0          0         96   dmul.o
       162          0          0          0          0        100   dsqrt.o
        38          0          0          0          0         68   f2d.o
       110          0          0          0          0        168   fepilogue.o

    ----------------------------------------------------------------------
      4562        302        240          4          4       3764   Library Totals
        18          0          0          0          4          0   (incl. Padding)

    ----------------------------------------------------------------------

      Code (inc. data)   RO Data    RW Data    ZI Data      Debug   Library Name

      2760        280        240          0          0       2016   m_wm.l
       268         22          0          4          0        516   mc_w.l
      1516          0          0          0          0       1232   mf_w.l

    ----------------------------------------------------------------------
      4562        302        240          4          4       3764   Library Totals

    ----------------------------------------------------------------------

==============================================================================


      Code (inc. data)   RO Data    RW Data    ZI Data      Debug   

     31546       2828       2810        204      59364     448213   Grand Totals
     31546       2828       2810        204      59364     448213   ELF Image Totals
     31546       2828       2810        204          0          0   ROM Totals

==============================================================================

    Total RO  Size (Code + RO Data)                34356 (  33.55kB)
    Total RW  Size (RW Data + ZI Data)             59568 (  58.17kB)
    Total ROM Size (Code + RO Data + RW Data)      34560 (  33.75kB)

==============================================================================

